Archive member included to satisfy reference by file (symbol)

/usr/lib/gcc/arm-none-eabi/6.1.1/../../../../arm-none-eabi/lib/armv7-m/libc_nano.a(lib_a-atexit.o)
                              /usr/lib/gcc/arm-none-eabi/6.1.1/../../../../arm-none-eabi/lib/armv7-m/crt0.o (atexit)
/usr/lib/gcc/arm-none-eabi/6.1.1/../../../../arm-none-eabi/lib/armv7-m/libc_nano.a(lib_a-exit.o)
                              /usr/lib/gcc/arm-none-eabi/6.1.1/../../../../arm-none-eabi/lib/armv7-m/crt0.o (exit)
/usr/lib/gcc/arm-none-eabi/6.1.1/../../../../arm-none-eabi/lib/armv7-m/libc_nano.a(lib_a-fini.o)
                              /usr/lib/gcc/arm-none-eabi/6.1.1/../../../../arm-none-eabi/lib/armv7-m/crt0.o (__libc_fini_array)
/usr/lib/gcc/arm-none-eabi/6.1.1/../../../../arm-none-eabi/lib/armv7-m/libc_nano.a(lib_a-impure.o)
                              /usr/lib/gcc/arm-none-eabi/6.1.1/../../../../arm-none-eabi/lib/armv7-m/libc_nano.a(lib_a-exit.o) (_global_impure_ptr)
/usr/lib/gcc/arm-none-eabi/6.1.1/../../../../arm-none-eabi/lib/armv7-m/libc_nano.a(lib_a-init.o)
                              /usr/lib/gcc/arm-none-eabi/6.1.1/../../../../arm-none-eabi/lib/armv7-m/crt0.o (__libc_init_array)
/usr/lib/gcc/arm-none-eabi/6.1.1/../../../../arm-none-eabi/lib/armv7-m/libc_nano.a(lib_a-memset.o)
                              /usr/lib/gcc/arm-none-eabi/6.1.1/../../../../arm-none-eabi/lib/armv7-m/crt0.o (memset)
/usr/lib/gcc/arm-none-eabi/6.1.1/../../../../arm-none-eabi/lib/armv7-m/libc_nano.a(lib_a-__atexit.o)
                              /usr/lib/gcc/arm-none-eabi/6.1.1/../../../../arm-none-eabi/lib/armv7-m/libc_nano.a(lib_a-atexit.o) (__register_exitproc)
/usr/lib/gcc/arm-none-eabi/6.1.1/../../../../arm-none-eabi/lib/armv7-m/libc_nano.a(lib_a-__call_atexit.o)
                              /usr/lib/gcc/arm-none-eabi/6.1.1/../../../../arm-none-eabi/lib/armv7-m/libc_nano.a(lib_a-__atexit.o) (__call_exitprocs)

Discarded input sections

 .text          0x0000000000000000        0x0 /usr/lib/gcc/arm-none-eabi/6.1.1/armv7-m/crti.o
 .data          0x0000000000000000        0x0 /usr/lib/gcc/arm-none-eabi/6.1.1/armv7-m/crti.o
 .bss           0x0000000000000000        0x0 /usr/lib/gcc/arm-none-eabi/6.1.1/armv7-m/crti.o
 .text          0x0000000000000000        0x0 /usr/lib/gcc/arm-none-eabi/6.1.1/armv7-m/crtbegin.o
 .data          0x0000000000000000        0x0 /usr/lib/gcc/arm-none-eabi/6.1.1/armv7-m/crtbegin.o
 .bss           0x0000000000000000        0x0 /usr/lib/gcc/arm-none-eabi/6.1.1/armv7-m/crtbegin.o
 .data.__dso_handle
                0x0000000000000000        0x4 /usr/lib/gcc/arm-none-eabi/6.1.1/armv7-m/crtbegin.o
 .text          0x0000000000000000       0x68 /usr/lib/gcc/arm-none-eabi/6.1.1/../../../../arm-none-eabi/lib/armv7-m/crt0.o
 .data          0x0000000000000000        0x0 /usr/lib/gcc/arm-none-eabi/6.1.1/../../../../arm-none-eabi/lib/armv7-m/crt0.o
 .bss           0x0000000000000000        0x0 /usr/lib/gcc/arm-none-eabi/6.1.1/../../../../arm-none-eabi/lib/armv7-m/crt0.o
 .ARM.extab     0x0000000000000000        0x0 /usr/lib/gcc/arm-none-eabi/6.1.1/../../../../arm-none-eabi/lib/armv7-m/crt0.o
 .ARM.exidx     0x0000000000000000        0x8 /usr/lib/gcc/arm-none-eabi/6.1.1/../../../../arm-none-eabi/lib/armv7-m/crt0.o
 .ARM.attributes
                0x0000000000000000       0x1b /usr/lib/gcc/arm-none-eabi/6.1.1/../../../../arm-none-eabi/lib/armv7-m/crt0.o
 .group         0x0000000000000000        0x8 obj/system_stm32f1xx.o
 .group         0x0000000000000000        0x8 obj/system_stm32f1xx.o
 .group         0x0000000000000000        0x8 obj/system_stm32f1xx.o
 .group         0x0000000000000000        0x8 obj/system_stm32f1xx.o
 .group         0x0000000000000000        0x8 obj/system_stm32f1xx.o
 .group         0x0000000000000000        0x8 obj/system_stm32f1xx.o
 .group         0x0000000000000000        0x8 obj/system_stm32f1xx.o
 .group         0x0000000000000000        0x8 obj/system_stm32f1xx.o
 .group         0x0000000000000000        0x8 obj/system_stm32f1xx.o
 .group         0x0000000000000000        0x8 obj/system_stm32f1xx.o
 .group         0x0000000000000000        0x8 obj/system_stm32f1xx.o
 .group         0x0000000000000000        0x8 obj/system_stm32f1xx.o
 .group         0x0000000000000000        0x8 obj/system_stm32f1xx.o
 .group         0x0000000000000000        0x8 obj/system_stm32f1xx.o
 .text          0x0000000000000000        0x0 obj/system_stm32f1xx.o
 .data          0x0000000000000000        0x0 obj/system_stm32f1xx.o
 .bss           0x0000000000000000        0x0 obj/system_stm32f1xx.o
 .text.SystemCoreClockUpdate
                0x0000000000000000       0x94 obj/system_stm32f1xx.o
 .group         0x0000000000000000        0x8 obj/deviceDefinition.o
 .group         0x0000000000000000        0x8 obj/deviceDefinition.o
 .group         0x0000000000000000        0x8 obj/deviceDefinition.o
 .group         0x0000000000000000        0x8 obj/deviceDefinition.o
[...]
Memory Configuration

Name             Origin             Length             Attributes
FLASH            0x0000000008000000 0x0000000000020000 xr
RAM              0x0000000020000000 0x0000000000005000 xrw
*default*        0x0000000000000000 0xffffffffffffffff

Linker script and memory map

LOAD /usr/lib/gcc/arm-none-eabi/6.1.1/armv7-m/crti.o
LOAD /usr/lib/gcc/arm-none-eabi/6.1.1/armv7-m/crtbegin.o
LOAD /usr/lib/gcc/arm-none-eabi/6.1.1/../../../../arm-none-eabi/lib/armv7-m/crt0.o
LOAD obj/system_stm32f1xx.o
LOAD obj/deviceDefinition.o
LOAD obj/app.o
LOAD obj/stm32f1xx_it.o
LOAD obj/msp.o
LOAD obj/assert.o
LOAD obj/stm32f1xx_hal_gpio_ex.o
LOAD obj/stm32f1xx_hal_cec.o
LOAD obj/stm32f1xx_hal_sd.o
LOAD obj/stm32f1xx_hal_rcc.o
LOAD obj/stm32f1xx_hal_nor.o
LOAD obj/stm32f1xx_hal_dac_ex.o
LOAD obj/stm32f1xx_hal_rtc_ex.o
LOAD obj/stm32f1xx_hal_sram.o
LOAD obj/stm32f1xx_hal_smartcard.o
LOAD obj/stm32f1xx_hal_crc.o
LOAD obj/stm32f1xx_hal_tim.o
LOAD obj/stm32f1xx_hal_usart.o
LOAD obj/stm32f1xx_hal_pcd.o
LOAD obj/stm32f1xx_ll_sdmmc.o
LOAD obj/stm32f1xx_hal_irda.o
LOAD obj/stm32f1xx_hal_wwdg.o
LOAD obj/stm32f1xx_ll_fsmc.o
LOAD obj/stm32f1xx_hal_rcc_ex.o
LOAD obj/stm32f1xx_hal_flash_ex.o
LOAD obj/stm32f1xx_hal_flash.o
LOAD obj/stm32f1xx_hal_iwdg.o
LOAD obj/stm32f1xx_hal_pcd_ex.o
LOAD obj/stm32f1xx_hal_adc.o
LOAD obj/stm32f1xx_hal.o
LOAD obj/stm32f1xx_hal_gpio.o
LOAD obj/stm32f1xx_hal_hcd.o
LOAD obj/stm32f1xx_hal_nand.o
LOAD obj/stm32f1xx_hal_spi.o
LOAD obj/stm32f1xx_hal_pccard.o
LOAD obj/stm32f1xx_hal_cortex.o
LOAD obj/stm32f1xx_hal_i2s.o
LOAD obj/stm32f1xx_hal_tim_ex.o
LOAD obj/stm32f1xx_hal_adc_ex.o
LOAD obj/stm32f1xx_hal_spi_ex.o
LOAD obj/stm32f1xx_hal_dma.o
LOAD obj/stm32f1xx_hal_uart.o
LOAD obj/stm32f1xx_hal_dac.o
LOAD obj/stm32f1xx_hal_can.o
LOAD obj/stm32f1xx_hal_rtc.o
LOAD obj/stm32f1xx_hal_pwr.o
LOAD obj/stm32f1xx_ll_usb.o
LOAD obj/stm32f1xx_hal_i2c.o
LOAD obj/stm32f1xx_hal_eth.o
LOAD obj/MW_I2C.o
LOAD obj/MW_TIM.o
LOAD obj/MW_USART.o
LOAD obj/MW_GPIO.o
LOAD obj/message.o
LOAD obj/xprintf.o
LOAD obj/DD_RC.o
LOAD obj/DD_AB.o
LOAD obj/DD_MD.o
LOAD obj/DD_Gene.o
LOAD obj/SystemTaskManager.o
LOAD obj/startup.o
START GROUP
LOAD /usr/lib/gcc/arm-none-eabi/6.1.1/armv7-m/libgcc.a
END GROUP
START GROUP
LOAD /usr/lib/gcc/arm-none-eabi/6.1.1/armv7-m/libgcc.a
LOAD /usr/lib/gcc/arm-none-eabi/6.1.1/../../../../arm-none-eabi/lib/armv7-m/libc_nano.a
END GROUP
START GROUP
LOAD /usr/lib/gcc/arm-none-eabi/6.1.1/armv7-m/libgcc.a
LOAD /usr/lib/gcc/arm-none-eabi/6.1.1/../../../../arm-none-eabi/lib/armv7-m/libc_nano.a
END GROUP
LOAD /usr/lib/gcc/arm-none-eabi/6.1.1/armv7-m/crtend.o
LOAD /usr/lib/gcc/arm-none-eabi/6.1.1/armv7-m/crtn.o
                0x0000000020005000                _estack = 0x20005000
                0x0000000000000200                _Min_Heap_Size = 0x200
                0x0000000000000400                _Min_Stack_Size = 0x400

.isr_vector     0x0000000008000000      0x10c
                0x0000000008000000                . = ALIGN (0x4)
 *(.isr_vector)
 .isr_vector    0x0000000008000000      0x10c obj/startup.o
                0x0000000008000000                g_pfnVectors
                0x000000000800010c                . = ALIGN (0x4)

.text           0x000000000800010c     0x3150
                0x000000000800010c                . = ALIGN (0x4)
 *(.text)
 *(.text*)
 .text.__do_global_dtors_aux
                0x000000000800010c       0x24 /usr/lib/gcc/arm-none-eabi/6.1.1/armv7-m/crtbegin.o
 .text.frame_dummy
                0x0000000008000130       0x34 /usr/lib/gcc/arm-none-eabi/6.1.1/armv7-m/crtbegin.o
 .text.SystemInit
                0x0000000008000164       0x4c obj/system_stm32f1xx.o
                0x0000000008000164                SystemInit
 .text.ABSystem
                0x00000000080001b0       0x38 obj/app.o
 .text.suspentionSystem
                0x00000000080001e8       0x8c obj/app.o
 .text.appInit  0x0000000008000274       0x20 obj/app.o
                0x0000000008000274                appInit
 .text.appTask  0x0000000008000294       0x38 obj/app.o
                0x0000000008000294                appTask
 .text.NMI_Handler
                0x00000000080002cc        0x2 obj/stm32f1xx_it.o
                0x00000000080002cc                NMI_Handler
 .text.HardFault_Handler
                0x00000000080002ce        0x2 obj/stm32f1xx_it.o
                0x00000000080002ce                HardFault_Handler
 .text.MemManage_Handler
                0x00000000080002d0        0x2 obj/stm32f1xx_it.o
                0x00000000080002d0                MemManage_Handler
 .text.BusFault_Handler
                0x00000000080002d2        0x2 obj/stm32f1xx_it.o
                0x00000000080002d2                BusFault_Handler
 .text.UsageFault_Handler
                0x00000000080002d4        0x2 obj/stm32f1xx_it.o
                0x00000000080002d4                UsageFault_Handler
 .text.SVC_Handler
                0x00000000080002d6        0x2 obj/stm32f1xx_it.o
                0x00000000080002d6                SVC_Handler
 .text.DebugMon_Handler
                0x00000000080002d8        0x2 obj/stm32f1xx_it.o
                0x00000000080002d8                DebugMon_Handler
 .text.PendSV_Handler
                0x00000000080002da        0x2 obj/stm32f1xx_it.o
                0x00000000080002da                PendSV_Handler
 .text.SysTick_Handler
                0x00000000080002dc       0x18 obj/stm32f1xx_it.o
                0x00000000080002dc                SysTick_Handler
 .text.DMA1_Channel7_IRQHandler
                0x00000000080002f4       0x10 obj/stm32f1xx_it.o
                0x00000000080002f4                DMA1_Channel7_IRQHandler
 .text.DMA1_Channel3_IRQHandler
                0x0000000008000304       0x10 obj/stm32f1xx_it.o
                0x0000000008000304                DMA1_Channel3_IRQHandler
 .text.USART3_IRQHandler
                0x0000000008000314       0x10 obj/stm32f1xx_it.o
                0x0000000008000314                USART3_IRQHandler
 .text.USART2_IRQHandler
                0x0000000008000324       0x10 obj/stm32f1xx_it.o
                0x0000000008000324                USART2_IRQHandler
 .text.HAL_MspInit
                0x0000000008000334       0x7c obj/msp.o
                0x0000000008000334                HAL_MspInit
 .text.HAL_I2C_MspInit
                0x00000000080003b0       0xa0 obj/msp.o
                0x00000000080003b0                HAL_I2C_MspInit
 .text.HAL_UART_MspInit
                0x0000000008000450      0x1fc obj/msp.o
                0x0000000008000450                HAL_UART_MspInit
 .text.assert_failed
                0x000000000800064c        0x2 obj/assert.o
                0x000000000800064c                assert_failed
 *fill*         0x000000000800064e        0x2 
 .text.HAL_RCC_OscConfig
                0x0000000008000650      0x70c obj/stm32f1xx_hal_rcc.o
                0x0000000008000650                HAL_RCC_OscConfig
 .text.HAL_RCC_GetSysClockFreq
                0x0000000008000d5c       0x8c obj/stm32f1xx_hal_rcc.o
                0x0000000008000d5c                HAL_RCC_GetSysClockFreq
 .text.HAL_RCC_ClockConfig
                0x0000000008000de8      0x298 obj/stm32f1xx_hal_rcc.o
                0x0000000008000de8                HAL_RCC_ClockConfig
 .text.HAL_RCC_GetHCLKFreq
                0x0000000008001080        0xc obj/stm32f1xx_hal_rcc.o
                0x0000000008001080                HAL_RCC_GetHCLKFreq
 .text.HAL_RCC_GetPCLK1Freq
                0x000000000800108c       0x2c obj/stm32f1xx_hal_rcc.o
                0x000000000800108c                HAL_RCC_GetPCLK1Freq
 .text.HAL_RCC_GetPCLK2Freq
                0x00000000080010b8       0x2c obj/stm32f1xx_hal_rcc.o
                0x00000000080010b8                HAL_RCC_GetPCLK2Freq
 .text.HAL_TIM_PeriodElapsedCallback
                0x00000000080010e4        0x2 obj/stm32f1xx_hal_tim.o
                0x00000000080010e4                HAL_TIM_PeriodElapsedCallback
 .text.HAL_TIM_OC_DelayElapsedCallback
                0x00000000080010e6        0x2 obj/stm32f1xx_hal_tim.o
                0x00000000080010e6                HAL_TIM_OC_DelayElapsedCallback
 .text.HAL_TIM_IC_CaptureCallback
                0x00000000080010e8        0x2 obj/stm32f1xx_hal_tim.o
                0x00000000080010e8                HAL_TIM_IC_CaptureCallback
 .text.HAL_TIM_PWM_PulseFinishedCallback
                0x00000000080010ea        0x2 obj/stm32f1xx_hal_tim.o
                0x00000000080010ea                HAL_TIM_PWM_PulseFinishedCallback
 .text.HAL_TIM_TriggerCallback
                0x00000000080010ec        0x2 obj/stm32f1xx_hal_tim.o
                0x00000000080010ec                HAL_TIM_TriggerCallback
 .text.HAL_TIM_IRQHandler
                0x00000000080010ee      0x17a obj/stm32f1xx_hal_tim.o
                0x00000000080010ee                HAL_TIM_IRQHandler
 .text.HAL_RCCEx_PeriphCLKConfig
                0x0000000008001268      0x19c obj/stm32f1xx_hal_rcc_ex.o
                0x0000000008001268                HAL_RCCEx_PeriphCLKConfig
 .text.HAL_InitTick
                0x0000000008001404       0x28 obj/stm32f1xx_hal.o
                0x0000000008001404                HAL_InitTick
 .text.HAL_Init
                0x000000000800142c       0x24 obj/stm32f1xx_hal.o
                0x000000000800142c                HAL_Init
 .text.HAL_IncTick
                0x0000000008001450       0x10 obj/stm32f1xx_hal.o
                0x0000000008001450                HAL_IncTick
 .text.HAL_GetTick
                0x0000000008001460        0xc obj/stm32f1xx_hal.o
                0x0000000008001460                HAL_GetTick
 .text.HAL_Delay
                0x000000000800146c       0x1c obj/stm32f1xx_hal.o
                0x000000000800146c                HAL_Delay
 .text.HAL_GPIO_Init
                0x0000000008001488      0x324 obj/stm32f1xx_hal_gpio.o
                0x0000000008001488                HAL_GPIO_Init
 .text.HAL_GPIO_ReadPin
                0x00000000080017ac       0x28 obj/stm32f1xx_hal_gpio.o
                0x00000000080017ac                HAL_GPIO_ReadPin
 .text.HAL_GPIO_WritePin
                0x00000000080017d4       0x34 obj/stm32f1xx_hal_gpio.o
                0x00000000080017d4                HAL_GPIO_WritePin
 .text.HAL_NVIC_SetPriorityGrouping
                0x0000000008001808       0x3c obj/stm32f1xx_hal_cortex.o
                0x0000000008001808                HAL_NVIC_SetPriorityGrouping
 .text.HAL_NVIC_SetPriority
                0x0000000008001844       0x88 obj/stm32f1xx_hal_cortex.o
                0x0000000008001844                HAL_NVIC_SetPriority
 .text.HAL_NVIC_EnableIRQ
                0x00000000080018cc       0x2c obj/stm32f1xx_hal_cortex.o
                0x00000000080018cc                HAL_NVIC_EnableIRQ
 .text.HAL_SYSTICK_Config
                0x00000000080018f8       0x2c obj/stm32f1xx_hal_cortex.o
                0x00000000080018f8                HAL_SYSTICK_Config
 .text.HAL_SYSTICK_CLKSourceConfig
                0x0000000008001924       0x3c obj/stm32f1xx_hal_cortex.o
                0x0000000008001924                HAL_SYSTICK_CLKSourceConfig
 .text.HAL_SYSTICK_Callback
                0x0000000008001960        0x2 obj/stm32f1xx_hal_cortex.o
                0x0000000008001960                HAL_SYSTICK_Callback
 .text.HAL_SYSTICK_IRQHandler
                0x0000000008001962        0x8 obj/stm32f1xx_hal_cortex.o
                0x0000000008001962                HAL_SYSTICK_IRQHandler
 .text.HAL_TIMEx_CommutationCallback
                0x000000000800196a        0x2 obj/stm32f1xx_hal_tim_ex.o
                0x000000000800196a                HAL_TIMEx_CommutationCallback
 .text.HAL_TIMEx_BreakCallback
                0x000000000800196c        0x2 obj/stm32f1xx_hal_tim_ex.o
                0x000000000800196c                HAL_TIMEx_BreakCallback
 .text.DMA_SetConfig
                0x000000000800196e       0x22 obj/stm32f1xx_hal_dma.o
 .text.HAL_DMA_Init
                0x0000000008001990      0x12c obj/stm32f1xx_hal_dma.o
                0x0000000008001990                HAL_DMA_Init
 .text.HAL_DMA_Start_IT
                0x0000000008001abc       0x80 obj/stm32f1xx_hal_dma.o
                0x0000000008001abc                HAL_DMA_Start_IT
 .text.HAL_DMA_IRQHandler
                0x0000000008001b3c      0x270 obj/stm32f1xx_hal_dma.o
                0x0000000008001b3c                HAL_DMA_IRQHandler
 .text.UART_Transmit_IT
                0x0000000008001dac       0x6c obj/stm32f1xx_hal_uart.o
 .text.UART_SetConfig
                0x0000000008001e18      0x210 obj/stm32f1xx_hal_uart.o
 .text.HAL_UART_Init
                0x0000000008002028       0xf4 obj/stm32f1xx_hal_uart.o
                0x0000000008002028                HAL_UART_Init
 .text.HAL_UART_Transmit_DMA
                0x000000000800211c       0xa0 obj/stm32f1xx_hal_uart.o
                0x000000000800211c                HAL_UART_Transmit_DMA
 .text.HAL_UART_Receive_DMA
                0x00000000080021bc       0x98 obj/stm32f1xx_hal_uart.o
                0x00000000080021bc                HAL_UART_Receive_DMA
 .text.UART_DMATransmitCplt
                0x0000000008002254       0x30 obj/stm32f1xx_hal_uart.o
 .text.UART_EndTransmit_IT
                0x0000000008002284       0x2c obj/stm32f1xx_hal_uart.o
 .text.HAL_UART_TxHalfCpltCallback
                0x00000000080022b0        0x2 obj/stm32f1xx_hal_uart.o
                0x00000000080022b0                HAL_UART_TxHalfCpltCallback
 .text.UART_DMATxHalfCplt
                0x00000000080022b2        0xa obj/stm32f1xx_hal_uart.o
 .text.UART_DMAReceiveCplt
                0x00000000080022bc       0x3c obj/stm32f1xx_hal_uart.o
 .text.UART_Receive_IT
                0x00000000080022f8       0xb6 obj/stm32f1xx_hal_uart.o
 .text.HAL_UART_RxHalfCpltCallback
                0x00000000080023ae        0x2 obj/stm32f1xx_hal_uart.o
                0x00000000080023ae                HAL_UART_RxHalfCpltCallback
 .text.UART_DMARxHalfCplt
                0x00000000080023b0        0xa obj/stm32f1xx_hal_uart.o
 .text.HAL_UART_ErrorCallback
                0x00000000080023ba        0x2 obj/stm32f1xx_hal_uart.o
                0x00000000080023ba                HAL_UART_ErrorCallback
 .text.UART_DMAError
                0x00000000080023bc       0x1e obj/stm32f1xx_hal_uart.o
 .text.HAL_UART_IRQHandler
                0x00000000080023da       0xca obj/stm32f1xx_hal_uart.o
                0x00000000080023da                HAL_UART_IRQHandler
 .text.I2C_Configure_Speed
                0x00000000080024a4       0x4c obj/stm32f1xx_hal_i2c.o
 .text.HAL_I2C_Init
                0x00000000080024f0      0x180 obj/stm32f1xx_hal_i2c.o
                0x00000000080024f0                HAL_I2C_Init
 .text.MW_SetI2CClockSpeed
                0x0000000008002670       0x24 obj/MW_I2C.o
                0x0000000008002670                MW_SetI2CClockSpeed
 .text.MW_I2CInit
                0x0000000008002694       0x1c obj/MW_I2C.o
                0x0000000008002694                MW_I2CInit
 .text.TIM1_UP_IRQHandler
                0x00000000080026b0       0x10 obj/MW_TIM.o
                0x00000000080026b0                TIM1_UP_IRQHandler
 .text.TIM2_IRQHandler
                0x00000000080026c0       0x10 obj/MW_TIM.o
                0x00000000080026c0                TIM2_IRQHandler
 .text.MW_USARTSetBaudRate
                0x00000000080026d0       0x28 obj/MW_USART.o
                0x00000000080026d0                MW_USARTSetBaudRate
 .text.MW_USARTInit
                0x00000000080026f8       0x1c obj/MW_USART.o
                0x00000000080026f8                MW_USARTInit
 .text.MW_USART2Transmit
                0x0000000008002714       0x1c obj/MW_USART.o
                0x0000000008002714                MW_USART2Transmit
 .text.MW_USART3ReceiveMult
                0x0000000008002730       0x1c obj/MW_USART.o
                0x0000000008002730                MW_USART3ReceiveMult
 .text.MW_SetGPIOPin
                0x000000000800274c        0xc obj/MW_GPIO.o
                0x000000000800274c                MW_SetGPIOPin
 .text.MW_SetGPIOMode
                0x0000000008002758        0xc obj/MW_GPIO.o
                0x0000000008002758                MW_SetGPIOMode
 .text.MW_SetGPIOPull
                0x0000000008002764        0xc obj/MW_GPIO.o
                0x0000000008002764                MW_SetGPIOPull
 .text.MW_SetGPIOSpeed
                0x0000000008002770        0xc obj/MW_GPIO.o
                0x0000000008002770                MW_SetGPIOSpeed
 .text.MW_GPIOInit
                0x000000000800277c       0x2c obj/MW_GPIO.o
                0x000000000800277c                MW_GPIOInit
 .text.MW_GPIOWrite
                0x00000000080027a8       0x30 obj/MW_GPIO.o
                0x00000000080027a8                MW_GPIOWrite
 .text.MW_GPIORead
                0x00000000080027d8       0x2c obj/MW_GPIO.o
                0x00000000080027d8                MW_GPIORead
 .text._xprintf
                0x0000000008002804       0x1c obj/message.o
 .text.flush    0x0000000008002820       0x40 obj/message.o
                0x0000000008002820                flush
 .text.MW_printf
                0x0000000008002860       0x38 obj/message.o
                0x0000000008002860                MW_printf
 .text._msg     0x0000000008002898       0x3c obj/message.o
                0x0000000008002898                _msg
 .text.MW_hadCompleted
                0x00000000080028d4        0xc obj/message.o
                0x00000000080028d4                MW_hadCompleted
 .text.xputc    0x00000000080028e0       0x34 obj/xprintf.o
                0x00000000080028e0                xputc
 .text.xputs    0x0000000008002914       0x14 obj/xprintf.o
                0x0000000008002914                xputs
 .text.xvprintf
                0x0000000008002928      0x1f6 obj/xprintf.o
                0x0000000008002928                xvprintf
 *fill*         0x0000000008002b1e        0x2 
 .text.DD_RCInit
                0x0000000008002b20       0x50 obj/DD_RC.o
                0x0000000008002b20                DD_RCInit
 .text.DD_RCTask
                0x0000000008002b70       0x70 obj/DD_RC.o
                0x0000000008002b70                DD_RCTask
 .text.DD_RCGetLX
                0x0000000008002be0       0x34 obj/DD_RC.o
                0x0000000008002be0                DD_RCGetLX
 .text.DD_RCGetLY
                0x0000000008002c14       0x34 obj/DD_RC.o
                0x0000000008002c14                DD_RCGetLY
 .text.DD_RCGetRX
                0x0000000008002c48       0x34 obj/DD_RC.o
                0x0000000008002c48                DD_RCGetRX
 .text.DD_RCGetRY
                0x0000000008002c7c       0x34 obj/DD_RC.o
                0x0000000008002c7c                DD_RCGetRY
 .text.DD_RCPrint
                0x0000000008002cb0      0x150 obj/DD_RC.o
                0x0000000008002cb0                DD_RCPrint
 .text.DD_ABHandPrint
                0x0000000008002e00       0x14 obj/DD_AB.o
                0x0000000008002e00                DD_ABHandPrint
 .text.DD_MDHandPrint
                0x0000000008002e14       0x5c obj/DD_MD.o
                0x0000000008002e14                DD_MDHandPrint
 .text.DD_print
                0x0000000008002e70       0x38 obj/DD_Gene.o
                0x0000000008002e70                DD_print
 .text.SY_I2CConnTest
                0x0000000008002ea8        0x4 obj/SystemTaskManager.o
 .text.SY_clockInit
                0x0000000008002eac       0xc8 obj/SystemTaskManager.o
 .text.SY_GPIOInit
                0x0000000008002f74       0xb0 obj/SystemTaskManager.o
 .text.SY_init  0x0000000008003024       0x98 obj/SystemTaskManager.o
 .text.SY_doAppTasks
                0x00000000080030bc        0x8 obj/SystemTaskManager.o
 .text.main     0x00000000080030c4       0xd0 obj/SystemTaskManager.o
                0x00000000080030c4                main
 .text.HAL_UART_RxCpltCallback
                0x0000000008003194       0x14 obj/SystemTaskManager.o
                0x0000000008003194                HAL_UART_RxCpltCallback
 .text.HAL_UART_TxCpltCallback
                0x00000000080031a8        0x8 obj/SystemTaskManager.o
                0x00000000080031a8                HAL_UART_TxCpltCallback
 .text.Reset_Handler
                0x00000000080031b0       0x48 obj/startup.o
                0x00000000080031b0                Reset_Handler
 .text.Default_Handler
                0x00000000080031f8        0x2 obj/startup.o
                0x00000000080031f8                RTC_Alarm_IRQHandler
                0x00000000080031f8                EXTI2_IRQHandler
                0x00000000080031f8                TIM1_CC_IRQHandler
                0x00000000080031f8                PVD_IRQHandler
                0x00000000080031f8                EXTI3_IRQHandler
                0x00000000080031f8                EXTI0_IRQHandler
                0x00000000080031f8                I2C2_EV_IRQHandler
                0x00000000080031f8                ADC1_2_IRQHandler
                0x00000000080031f8                SPI1_IRQHandler
                0x00000000080031f8                TAMPER_IRQHandler
                0x00000000080031f8                DMA1_Channel4_IRQHandler
                0x00000000080031f8                RTC_IRQHandler
                0x00000000080031f8                CAN1_RX1_IRQHandler
                0x00000000080031f8                TIM4_IRQHandler
                0x00000000080031f8                I2C1_EV_IRQHandler
                0x00000000080031f8                DMA1_Channel6_IRQHandler
                0x00000000080031f8                TIM3_IRQHandler
                0x00000000080031f8                RCC_IRQHandler
                0x00000000080031f8                TIM1_TRG_COM_IRQHandler
                0x00000000080031f8                DMA1_Channel1_IRQHandler
                0x00000000080031f8                Default_Handler
                0x00000000080031f8                EXTI15_10_IRQHandler
                0x00000000080031f8                EXTI9_5_IRQHandler
                0x00000000080031f8                SPI2_IRQHandler
                0x00000000080031f8                DMA1_Channel5_IRQHandler
                0x00000000080031f8                EXTI4_IRQHandler
                0x00000000080031f8                USB_LP_CAN1_RX0_IRQHandler
                0x00000000080031f8                USB_HP_CAN1_TX_IRQHandler
                0x00000000080031f8                WWDG_IRQHandler
                0x00000000080031f8                TIM1_BRK_IRQHandler
                0x00000000080031f8                EXTI1_IRQHandler
                0x00000000080031f8                I2C2_ER_IRQHandler
                0x00000000080031f8                DMA1_Channel2_IRQHandler
                0x00000000080031f8                CAN1_SCE_IRQHandler
                0x00000000080031f8                FLASH_IRQHandler
                0x00000000080031f8                USART1_IRQHandler
                0x00000000080031f8                I2C1_ER_IRQHandler
                0x00000000080031f8                USBWakeUp_IRQHandler
 *fill*         0x00000000080031fa        0x2 
 .text.__libc_init_array
                0x00000000080031fc       0x48 /usr/lib/gcc/arm-none-eabi/6.1.1/../../../../arm-none-eabi/lib/armv7-m/libc_nano.a(lib_a-init.o)
                0x00000000080031fc                __libc_init_array
 *(.glue_7)
 .glue_7        0x0000000008003244        0x0 linker stubs
 *(.glue_7t)
 .glue_7t       0x0000000008003244        0x0 linker stubs
 *(.eh_frame)
 .eh_frame      0x0000000008003244        0x0 /usr/lib/gcc/arm-none-eabi/6.1.1/armv7-m/crtbegin.o
 *(.init)
 .init          0x0000000008003244        0x4 /usr/lib/gcc/arm-none-eabi/6.1.1/armv7-m/crti.o
                0x0000000008003244                _init
 .init          0x0000000008003248        0x8 /usr/lib/gcc/arm-none-eabi/6.1.1/armv7-m/crtn.o
 *(.fini)
 .fini          0x0000000008003250        0x4 /usr/lib/gcc/arm-none-eabi/6.1.1/armv7-m/crti.o
                0x0000000008003250                _fini
 .fini          0x0000000008003254        0x8 /usr/lib/gcc/arm-none-eabi/6.1.1/armv7-m/crtn.o
                0x000000000800325c                . = ALIGN (0x4)
                0x000000000800325c                _etext = .

.vfp11_veneer   0x000000000800325c        0x0
 .vfp11_veneer  0x000000000800325c        0x0 linker stubs

.v4_bx          0x000000000800325c        0x0
 .v4_bx         0x000000000800325c        0x0 linker stubs

.iplt           0x000000000800325c        0x0
 .iplt          0x000000000800325c        0x0 /usr/lib/gcc/arm-none-eabi/6.1.1/armv7-m/crtbegin.o

.rodata         0x000000000800325c      0x414
                0x000000000800325c                . = ALIGN (0x4)
 *(.rodata)
 .rodata        0x000000000800325c       0x12 obj/stm32f1xx_hal_rcc.o
 *(.rodata*)
 *fill*         0x000000000800326e        0x2 
 .rodata.AHBPrescTable
                0x0000000008003270       0x10 obj/system_stm32f1xx.o
                0x0000000008003270                AHBPrescTable
 .rodata.APBPrescTable
                0x0000000008003280        0x8 obj/system_stm32f1xx.o
                0x0000000008003280                APBPrescTable
 .rodata.__FUNCTION__.7790
                0x0000000008003288        0x8 obj/app.o
 .rodata.appInit.str1.4
                0x0000000008003290        0xc obj/app.o
 .rodata.appTask.str1.4
                0x000000000800329c       0x24 obj/app.o
 .rodata.HAL_RCC_OscConfig.str1.4
                0x00000000080032c0       0x35 obj/stm32f1xx_hal_rcc.o
 *fill*         0x00000000080032f5        0x3 
 .rodata.HAL_RCCEx_PeriphCLKConfig.str1.4
                0x00000000080032f8       0x38 obj/stm32f1xx_hal_rcc_ex.o
 .rodata.HAL_GPIO_Init.str1.4
                0x0000000008003330       0x36 obj/stm32f1xx_hal_gpio.o
 *fill*         0x0000000008003366        0x2 
 .rodata.HAL_NVIC_SetPriorityGrouping.str1.4
                0x0000000008003368       0x38 obj/stm32f1xx_hal_cortex.o
 .rodata.HAL_DMA_Init.str1.4
                0x00000000080033a0       0x35 obj/stm32f1xx_hal_dma.o
 *fill*         0x00000000080033d5        0x3 
 .rodata.UART_SetConfig.str1.4
                0x00000000080033d8       0x36 obj/stm32f1xx_hal_uart.o
 *fill*         0x000000000800340e        0x2 
 .rodata.HAL_I2C_Init.str1.4
                0x0000000008003410       0x35 obj/stm32f1xx_hal_i2c.o
 *fill*         0x0000000008003445        0x3 
 .rodata.MW_SetI2CClockSpeed.str1.4
                0x0000000008003448       0x26 obj/MW_I2C.o
 *fill*         0x000000000800346e        0x2 
 .rodata.i2cid  0x0000000008003470        0x8 obj/MW_I2C.o
 .rodata.MW_USARTSetBaudRate.str1.4
                0x0000000008003478       0x29 obj/MW_USART.o
 *fill*         0x00000000080034a1        0x3 
 .rodata.uartid
                0x00000000080034a4        0xc obj/MW_USART.o
 .rodata.MW_GPIOInit.str1.4
                0x00000000080034b0       0x28 obj/MW_GPIO.o
 .rodata.gpioid
                0x00000000080034d8       0x10 obj/MW_GPIO.o
 .rodata._msg.str1.4
                0x00000000080034e8       0x10 obj/message.o
                                         0x12 (size before relaxing)
 .rodata.DD_RCPrint.str1.4
                0x00000000080034f8       0x59 obj/DD_RC.o
 *fill*         0x0000000008003551        0x3 
 .rodata.DD_ABHandPrint.str1.4
                0x0000000008003554       0x10 obj/DD_AB.o
 .rodata.DD_MDHandPrint.str1.4
                0x0000000008003564       0x24 obj/DD_MD.o
 .rodata.SY_clockInit.str1.4
                0x0000000008003588       0x42 obj/SystemTaskManager.o
 *fill*         0x00000000080035ca        0x2 
 .rodata.SY_init.str1.4
                0x00000000080035cc       0x48 obj/SystemTaskManager.o
                                         0x4c (size before relaxing)
 .rodata.__FUNCTION__.7860
                0x0000000008003614        0x5 obj/SystemTaskManager.o
 *fill*         0x0000000008003619        0x3 
 .rodata.__FUNCTION__.7881
                0x000000000800361c        0x8 obj/SystemTaskManager.o
 .rodata.__FUNCTION__.7888
                0x0000000008003624        0xd obj/SystemTaskManager.o
 *fill*         0x0000000008003631        0x3 
 .rodata.main.str1.4
                0x0000000008003634       0x3c obj/SystemTaskManager.o
                                         0x39 (size before relaxing)
                0x0000000008003670                . = ALIGN (0x4)

.rel.dyn        0x0000000008003670        0x0
 .rel.iplt      0x0000000008003670        0x0 /usr/lib/gcc/arm-none-eabi/6.1.1/armv7-m/crtbegin.o

.ARM.extab
 *(.ARM.extab* .gnu.linkonce.armextab.*)

.ARM            0x0000000008003670        0x0
                0x0000000008003670                __exidx_start = .
 *(.ARM.exidx*)
                0x0000000008003670                __exidx_end = .

.preinit_array  0x0000000008003670        0x0
                0x0000000008003670                PROVIDE (__preinit_array_start, .)
 *(.preinit_array*)
                0x0000000008003670                PROVIDE (__preinit_array_end, .)

.init_array     0x0000000008003670        0x4
                0x0000000008003670                PROVIDE (__init_array_start, .)
 *(SORT(.init_array.*))
 *(.init_array*)
 .init_array    0x0000000008003670        0x4 /usr/lib/gcc/arm-none-eabi/6.1.1/armv7-m/crtbegin.o
                0x0000000008003674                PROVIDE (__init_array_end, .)

.fini_array     0x0000000008003674        0x4
                0x0000000008003674                PROVIDE (__fini_array_start, .)
 *(SORT(.fini_array.*))
 *(.fini_array*)
 .fini_array    0x0000000008003674        0x4 /usr/lib/gcc/arm-none-eabi/6.1.1/armv7-m/crtbegin.o
                0x0000000008003678                PROVIDE (__fini_array_end, .)
                0x0000000008003678                _sidata = LOADADDR (.data)

.data           0x0000000020000000      0x190 load address 0x0000000008003678
                0x0000000020000000                . = ALIGN (0x4)
                0x0000000020000000                _sdata = .
 *(.data)
 *(.data*)
 .data.SystemCoreClock
                0x0000000020000000        0x4 obj/system_stm32f1xx.o
                0x0000000020000000                SystemCoreClock
 .data.g_ab_h   0x0000000020000004        0x2 obj/deviceDefinition.o
                0x0000000020000004                g_ab_h
 *fill*         0x0000000020000006        0x2 
 .data.g_md_h   0x0000000020000008        0xc obj/deviceDefinition.o
                0x0000000020000008                g_md_h
 .data.hi2c1    0x0000000020000014       0x3c obj/MW_I2C.o
 .data.hi2c2    0x0000000020000050       0x3c obj/MW_I2C.o
 .data.htim1    0x000000002000008c       0x3c obj/MW_TIM.o
 .data.huart1   0x00000000200000c8       0x40 obj/MW_USART.o
                0x00000000200000c8                huart1
 .data.huart2   0x0000000020000108       0x40 obj/MW_USART.o
                0x0000000020000108                huart2
 .data.huart3   0x0000000020000148       0x40 obj/MW_USART.o
                0x0000000020000148                huart3
 .data.had_completed
                0x0000000020000188        0x1 obj/message.o
 *fill*         0x0000000020000189        0x3 
 .data.is_not_avaiable
                0x000000002000018c        0x4 obj/DD_RC.o
                0x0000000020000190                . = ALIGN (0x4)
                0x0000000020000190                _edata = .

.jcr            0x0000000020000190        0x0 load address 0x0000000008003808
 .jcr           0x0000000020000190        0x0 /usr/lib/gcc/arm-none-eabi/6.1.1/armv7-m/crtbegin.o

.igot.plt       0x0000000020000190        0x0 load address 0x0000000008003808
 .igot.plt      0x0000000020000190        0x0 /usr/lib/gcc/arm-none-eabi/6.1.1/armv7-m/crtbegin.o
                0x0000000020000190                . = ALIGN (0x4)

.bss            0x0000000020000190      0x4c4 load address 0x0000000008003808
                0x0000000020000190                _sbss = .
                0x0000000020000190                __bss_start__ = _sbss
 *(.bss)
 *(.bss*)
 .bss.completed.8482
                0x0000000020000190        0x1 /usr/lib/gcc/arm-none-eabi/6.1.1/armv7-m/crtbegin.o
 *fill*         0x0000000020000191        0x3 
 .bss.object.8487
                0x0000000020000194       0x18 /usr/lib/gcc/arm-none-eabi/6.1.1/armv7-m/crtbegin.o
 .bss.hdma_rx.7352
                0x00000000200001ac       0x38 obj/msp.o
 .bss.hdma_tx.7348
                0x00000000200001e4       0x38 obj/msp.o
 .bss.uwTick    0x000000002000021c        0x4 obj/stm32f1xx_hal.o
 .bss.GPIO_InitStruct
                0x0000000020000220       0x10 obj/MW_GPIO.o
 .bss.buff      0x0000000020000230      0x400 obj/message.o
 .bss.outptr    0x0000000020000630        0x4 obj/xprintf.o
                0x0000000020000630                outptr
 .bss.xfunc_out
                0x0000000020000634        0x4 obj/xprintf.o
                0x0000000020000634                xfunc_out
 .bss.correct   0x0000000020000638        0x8 obj/DD_RC.o
 .bss.g_SY_system_counter
                0x0000000020000640        0x4 obj/SystemTaskManager.o
                0x0000000020000640                g_SY_system_counter
 .bss.g_rc_data
                0x0000000020000644        0x8 obj/SystemTaskManager.o
                0x0000000020000644                g_rc_data
 .bss.rc_rcv    0x000000002000064c        0x8 obj/SystemTaskManager.o
 *(COMMON)
                0x0000000020000654                . = ALIGN (0x4)
                0x0000000020000654                _ebss = .
                0x0000000020000654                __bss_end__ = _ebss

._user_heap_stack
                0x0000000020000654      0x604 load address 0x0000000008003808
                0x0000000020000658                . = ALIGN (0x8)
 *fill*         0x0000000020000654        0x4 
                [!provide]                        PROVIDE (end, .)
                [!provide]                        PROVIDE (_end, .)
                0x0000000020000858                . = (. + _Min_Heap_Size)
 *fill*         0x0000000020000658      0x200 
                0x0000000020000c58                . = (. + _Min_Stack_Size)
 *fill*         0x0000000020000858      0x400 
                0x0000000020000c58                . = ALIGN (0x8)

/DISCARD/
 libc.a(*)
 libm.a(*)
 libgcc.a(*)

.ARM.attributes
                0x0000000000000000       0x29
 *(.ARM.attributes)
 .ARM.attributes
                0x0000000000000000       0x1d /usr/lib/gcc/arm-none-eabi/6.1.1/armv7-m/crti.o
 .ARM.attributes
                0x000000000000001d       0x2d /usr/lib/gcc/arm-none-eabi/6.1.1/armv7-m/crtbegin.o
 .ARM.attributes
                0x000000000000004a       0x33 obj/system_stm32f1xx.o
 .ARM.attributes
                0x000000000000007d       0x33 obj/deviceDefinition.o
 .ARM.attributes
                0x00000000000000b0       0x33 obj/app.o
 .ARM.attributes
                0x00000000000000e3       0x33 obj/stm32f1xx_it.o
 .ARM.attributes
                0x0000000000000116       0x33 obj/msp.o
 .ARM.attributes
                0x0000000000000149       0x33 obj/assert.o
 .ARM.attributes
                0x000000000000017c       0x33 obj/stm32f1xx_hal_rcc.o
 .ARM.attributes
                0x00000000000001af       0x33 obj/stm32f1xx_hal_tim.o
 .ARM.attributes
                0x00000000000001e2       0x33 obj/stm32f1xx_hal_rcc_ex.o
 .ARM.attributes
                0x0000000000000215       0x33 obj/stm32f1xx_hal.o
 .ARM.attributes
                0x0000000000000248       0x33 obj/stm32f1xx_hal_gpio.o
 .ARM.attributes
                0x000000000000027b       0x33 obj/stm32f1xx_hal_cortex.o
 .ARM.attributes
                0x00000000000002ae       0x33 obj/stm32f1xx_hal_tim_ex.o
 .ARM.attributes
                0x00000000000002e1       0x33 obj/stm32f1xx_hal_dma.o
 .ARM.attributes
                0x0000000000000314       0x33 obj/stm32f1xx_hal_uart.o
 .ARM.attributes
                0x0000000000000347       0x33 obj/stm32f1xx_hal_i2c.o
 .ARM.attributes
                0x000000000000037a       0x33 obj/MW_I2C.o
 .ARM.attributes
                0x00000000000003ad       0x33 obj/MW_TIM.o
 .ARM.attributes
                0x00000000000003e0       0x33 obj/MW_USART.o
 .ARM.attributes
                0x0000000000000413       0x33 obj/MW_GPIO.o
 .ARM.attributes
                0x0000000000000446       0x33 obj/message.o
 .ARM.attributes
                0x0000000000000479       0x33 obj/xprintf.o
 .ARM.attributes
                0x00000000000004ac       0x33 obj/DD_RC.o
 .ARM.attributes
                0x00000000000004df       0x33 obj/DD_AB.o
 .ARM.attributes
                0x0000000000000512       0x33 obj/DD_MD.o
 .ARM.attributes
                0x0000000000000545       0x33 obj/DD_Gene.o
 .ARM.attributes
                0x0000000000000578       0x33 obj/SystemTaskManager.o
 .ARM.attributes
                0x00000000000005ab       0x21 obj/startup.o
 .ARM.attributes
                0x00000000000005cc       0x2d /usr/lib/gcc/arm-none-eabi/6.1.1/../../../../arm-none-eabi/lib/armv7-m/libc_nano.a(lib_a-init.o)
 .ARM.attributes
                0x00000000000005f9       0x1d /usr/lib/gcc/arm-none-eabi/6.1.1/armv7-m/crtn.o
OUTPUT(bin/Test.elf elf32-littlearm)

.debug_info     0x0000000000000000    0x21585
 .debug_info    0x0000000000000000      0x3f2 obj/system_stm32f1xx.o
 .debug_info    0x00000000000003f2      0x1bc obj/deviceDefinition.o
 .debug_info    0x00000000000005ae      0xc0a obj/app.o
 .debug_info    0x00000000000011b8      0xe87 obj/stm32f1xx_it.o
 .debug_info    0x000000000000203f     0x224a obj/msp.o
 .debug_info    0x0000000000004289      0x958 obj/assert.o
 .debug_info    0x0000000000004be1     0x1d7e obj/stm32f1xx_hal_rcc.o
 .debug_info    0x000000000000695f     0x4b77 obj/stm32f1xx_hal_tim.o
 .debug_info    0x000000000000b4d6      0xe56 obj/stm32f1xx_hal_rcc_ex.o
 .debug_info    0x000000000000c32c      0xefd obj/stm32f1xx_hal.o
 .debug_info    0x000000000000d229     0x106e obj/stm32f1xx_hal_gpio.o
 .debug_info    0x000000000000e297     0x1540 obj/stm32f1xx_hal_cortex.o
 .debug_info    0x000000000000f7d7     0x1fed obj/stm32f1xx_hal_tim_ex.o
 .debug_info    0x00000000000117c4      0xfe6 obj/stm32f1xx_hal_dma.o
 .debug_info    0x00000000000127aa     0x1c2f obj/stm32f1xx_hal_uart.o
 .debug_info    0x00000000000143d9     0x34be obj/stm32f1xx_hal_i2c.o
 .debug_info    0x0000000000017897     0x1009 obj/MW_I2C.o
 .debug_info    0x00000000000188a0     0x1367 obj/MW_TIM.o
 .debug_info    0x0000000000019c07     0x10a9 obj/MW_USART.o
 .debug_info    0x000000000001acb0      0xd13 obj/MW_GPIO.o
 .debug_info    0x000000000001b9c3      0xf68 obj/message.o
 .debug_info    0x000000000001c92b     0x135e obj/xprintf.o
 .debug_info    0x000000000001dc89     0x111f obj/DD_RC.o
 .debug_info    0x000000000001eda8      0x17a obj/DD_AB.o
 .debug_info    0x000000000001ef22      0x2a8 obj/DD_MD.o
 .debug_info    0x000000000001f1ca      0xb23 obj/DD_Gene.o
 .debug_info    0x000000000001fced     0x1898 obj/SystemTaskManager.o

.debug_abbrev   0x0000000000000000     0x423d
 .debug_abbrev  0x0000000000000000      0x132 obj/system_stm32f1xx.o
 .debug_abbrev  0x0000000000000132       0xb4 obj/deviceDefinition.o
 .debug_abbrev  0x00000000000001e6      0x270 obj/app.o
 .debug_abbrev  0x0000000000000456      0x205 obj/stm32f1xx_it.o
 .debug_abbrev  0x000000000000065b      0x2af obj/msp.o
 .debug_abbrev  0x000000000000090a      0x1b7 obj/assert.o
 .debug_abbrev  0x0000000000000ac1      0x32f obj/stm32f1xx_hal_rcc.o
 .debug_abbrev  0x0000000000000df0      0x2e2 obj/stm32f1xx_hal_tim.o
 .debug_abbrev  0x00000000000010d2      0x32e obj/stm32f1xx_hal_rcc_ex.o
 .debug_abbrev  0x0000000000001400      0x32d obj/stm32f1xx_hal.o
 .debug_abbrev  0x000000000000172d      0x2d3 obj/stm32f1xx_hal_gpio.o
 .debug_abbrev  0x0000000000001a00      0x3a1 obj/stm32f1xx_hal_cortex.o
 .debug_abbrev  0x0000000000001da1      0x2d3 obj/stm32f1xx_hal_tim_ex.o
 .debug_abbrev  0x0000000000002074      0x2c9 obj/stm32f1xx_hal_dma.o
 .debug_abbrev  0x000000000000233d      0x2f2 obj/stm32f1xx_hal_uart.o
 .debug_abbrev  0x000000000000262f      0x2e5 obj/stm32f1xx_hal_i2c.o
 .debug_abbrev  0x0000000000002914      0x24d obj/MW_I2C.o
 .debug_abbrev  0x0000000000002b61      0x27a obj/MW_TIM.o
 .debug_abbrev  0x0000000000002ddb      0x269 obj/MW_USART.o
 .debug_abbrev  0x0000000000003044      0x26d obj/MW_GPIO.o
 .debug_abbrev  0x00000000000032b1      0x2ac obj/message.o
 .debug_abbrev  0x000000000000355d      0x341 obj/xprintf.o
 .debug_abbrev  0x000000000000389e      0x24f obj/DD_RC.o
 .debug_abbrev  0x0000000000003aed      0x103 obj/DD_AB.o
 .debug_abbrev  0x0000000000003bf0      0x144 obj/DD_MD.o
 .debug_abbrev  0x0000000000003d34      0x23e obj/DD_Gene.o
 .debug_abbrev  0x0000000000003f72      0x2cb obj/SystemTaskManager.o

.debug_loc      0x0000000000000000     0xa767
 .debug_loc     0x0000000000000000       0xdf obj/system_stm32f1xx.o
 .debug_loc     0x00000000000000df       0xd5 obj/app.o
 .debug_loc     0x00000000000001b4      0x396 obj/msp.o
 .debug_loc     0x000000000000054a      0x923 obj/stm32f1xx_hal_rcc.o
 .debug_loc     0x0000000000000e6d     0x272f obj/stm32f1xx_hal_tim.o
 .debug_loc     0x000000000000359c      0x33f obj/stm32f1xx_hal_rcc_ex.o
 .debug_loc     0x00000000000038db       0x81 obj/stm32f1xx_hal.o
 .debug_loc     0x000000000000395c      0x577 obj/stm32f1xx_hal_gpio.o
 .debug_loc     0x0000000000003ed3      0x6cd obj/stm32f1xx_hal_cortex.o
 .debug_loc     0x00000000000045a0      0xc04 obj/stm32f1xx_hal_tim_ex.o
 .debug_loc     0x00000000000051a4      0x48a obj/stm32f1xx_hal_dma.o
 .debug_loc     0x000000000000562e     0x1115 obj/stm32f1xx_hal_uart.o
 .debug_loc     0x0000000000006743     0x29d1 obj/stm32f1xx_hal_i2c.o
 .debug_loc     0x0000000000009114      0x226 obj/MW_I2C.o
 .debug_loc     0x000000000000933a      0x29f obj/MW_TIM.o
 .debug_loc     0x00000000000095d9      0x1b8 obj/MW_USART.o
 .debug_loc     0x0000000000009791      0x1ca obj/MW_GPIO.o
 .debug_loc     0x000000000000995b       0x6e obj/message.o
 .debug_loc     0x00000000000099c9      0x8fe obj/xprintf.o
 .debug_loc     0x000000000000a2c7      0x280 obj/DD_RC.o
 .debug_loc     0x000000000000a547       0x42 obj/DD_AB.o
 .debug_loc     0x000000000000a589       0x52 obj/DD_MD.o
 .debug_loc     0x000000000000a5db       0xbf obj/DD_Gene.o
 .debug_loc     0x000000000000a69a       0xcd obj/SystemTaskManager.o

.debug_aranges  0x0000000000000000      0xfb8
 .debug_aranges
                0x0000000000000000       0x28 obj/system_stm32f1xx.o
 .debug_aranges
                0x0000000000000028       0x18 obj/deviceDefinition.o
 .debug_aranges
                0x0000000000000040       0x38 obj/app.o
 .debug_aranges
                0x0000000000000078       0x80 obj/stm32f1xx_it.o
 .debug_aranges
                0x00000000000000f8       0x88 obj/msp.o
 .debug_aranges
                0x0000000000000180       0x20 obj/assert.o
 .debug_aranges
                0x00000000000001a0       0x88 obj/stm32f1xx_hal_rcc.o
 .debug_aranges
                0x0000000000000228      0x368 obj/stm32f1xx_hal_tim.o
 .debug_aranges
                0x0000000000000590       0x30 obj/stm32f1xx_hal_rcc_ex.o
 .debug_aranges
                0x00000000000005c0       0xb0 obj/stm32f1xx_hal.o
 .debug_aranges
                0x0000000000000670       0x58 obj/stm32f1xx_hal_gpio.o
 .debug_aranges
                0x00000000000006c8       0x90 obj/stm32f1xx_hal_cortex.o
 .debug_aranges
                0x0000000000000758      0x138 obj/stm32f1xx_hal_tim_ex.o
 .debug_aranges
                0x0000000000000890       0x68 obj/stm32f1xx_hal_dma.o
 .debug_aranges
                0x00000000000008f8      0x150 obj/stm32f1xx_hal_uart.o
 .debug_aranges
                0x0000000000000a48      0x218 obj/stm32f1xx_hal_i2c.o
 .debug_aranges
                0x0000000000000c60       0x48 obj/MW_I2C.o
 .debug_aranges
                0x0000000000000ca8       0x80 obj/MW_TIM.o
 .debug_aranges
                0x0000000000000d28       0x60 obj/MW_USART.o
 .debug_aranges
                0x0000000000000d88       0x58 obj/MW_GPIO.o
 .debug_aranges
                0x0000000000000de0       0x40 obj/message.o
 .debug_aranges
                0x0000000000000e20       0x70 obj/xprintf.o
 .debug_aranges
                0x0000000000000e90       0x50 obj/DD_RC.o
 .debug_aranges
                0x0000000000000ee0       0x28 obj/DD_AB.o
 .debug_aranges
                0x0000000000000f08       0x28 obj/DD_MD.o
 .debug_aranges
                0x0000000000000f30       0x30 obj/DD_Gene.o
 .debug_aranges
                0x0000000000000f60       0x58 obj/SystemTaskManager.o

.debug_ranges   0x0000000000000000      0xe60
 .debug_ranges  0x0000000000000000       0x18 obj/system_stm32f1xx.o
 .debug_ranges  0x0000000000000018       0x28 obj/app.o
 .debug_ranges  0x0000000000000040       0x70 obj/stm32f1xx_it.o
 .debug_ranges  0x00000000000000b0       0x78 obj/msp.o
 .debug_ranges  0x0000000000000128       0x10 obj/assert.o
 .debug_ranges  0x0000000000000138       0x78 obj/stm32f1xx_hal_rcc.o
 .debug_ranges  0x00000000000001b0      0x358 obj/stm32f1xx_hal_tim.o
 .debug_ranges  0x0000000000000508       0x20 obj/stm32f1xx_hal_rcc_ex.o
 .debug_ranges  0x0000000000000528       0xa0 obj/stm32f1xx_hal.o
 .debug_ranges  0x00000000000005c8       0x48 obj/stm32f1xx_hal_gpio.o
 .debug_ranges  0x0000000000000610       0xe0 obj/stm32f1xx_hal_cortex.o
 .debug_ranges  0x00000000000006f0      0x128 obj/stm32f1xx_hal_tim_ex.o
 .debug_ranges  0x0000000000000818       0x58 obj/stm32f1xx_hal_dma.o
 .debug_ranges  0x0000000000000870      0x140 obj/stm32f1xx_hal_uart.o
 .debug_ranges  0x00000000000009b0      0x208 obj/stm32f1xx_hal_i2c.o
 .debug_ranges  0x0000000000000bb8       0x38 obj/MW_I2C.o
 .debug_ranges  0x0000000000000bf0       0x70 obj/MW_TIM.o
 .debug_ranges  0x0000000000000c60       0x50 obj/MW_USART.o
 .debug_ranges  0x0000000000000cb0       0x48 obj/MW_GPIO.o
 .debug_ranges  0x0000000000000cf8       0x30 obj/message.o
 .debug_ranges  0x0000000000000d28       0x60 obj/xprintf.o
 .debug_ranges  0x0000000000000d88       0x40 obj/DD_RC.o
 .debug_ranges  0x0000000000000dc8       0x18 obj/DD_AB.o
 .debug_ranges  0x0000000000000de0       0x18 obj/DD_MD.o
 .debug_ranges  0x0000000000000df8       0x20 obj/DD_Gene.o
 .debug_ranges  0x0000000000000e18       0x48 obj/SystemTaskManager.o

.debug_macro    0x0000000000000000    0x140c3
 .debug_macro   0x0000000000000000       0xd1 obj/system_stm32f1xx.o
 .debug_macro   0x00000000000000d1      0x90a obj/system_stm32f1xx.o
 .debug_macro   0x00000000000009db       0x2e obj/system_stm32f1xx.o
 .debug_macro   0x0000000000000a09       0x22 obj/system_stm32f1xx.o
 .debug_macro   0x0000000000000a2b       0x22 obj/system_stm32f1xx.o
 .debug_macro   0x0000000000000a4d       0x87 obj/system_stm32f1xx.o
 .debug_macro   0x0000000000000ad4       0x44 obj/system_stm32f1xx.o
 .debug_macro   0x0000000000000b18       0xfd obj/system_stm32f1xx.o
 .debug_macro   0x0000000000000c15       0x5e obj/system_stm32f1xx.o
 .debug_macro   0x0000000000000c73      0x1df obj/system_stm32f1xx.o
 .debug_macro   0x0000000000000e52       0x34 obj/system_stm32f1xx.o
 .debug_macro   0x0000000000000e86       0x34 obj/system_stm32f1xx.o
 .debug_macro   0x0000000000000eba      0xb8e obj/system_stm32f1xx.o
 .debug_macro   0x0000000000001a48     0x69eb obj/system_stm32f1xx.o
 .debug_macro   0x0000000000008433       0x43 obj/system_stm32f1xx.o
 .debug_macro   0x0000000000008476       0xa7 obj/deviceDefinition.o
 .debug_macro   0x000000000000851d       0x10 obj/deviceDefinition.o
 .debug_macro   0x000000000000852d       0x16 obj/deviceDefinition.o
 .debug_macro   0x0000000000008543       0x34 obj/deviceDefinition.o
 .debug_macro   0x0000000000008577       0x1c obj/deviceDefinition.o
 .debug_macro   0x0000000000008593      0x38e obj/app.o
 .debug_macro   0x0000000000008921       0x10 obj/app.o
 .debug_macro   0x0000000000008931       0x10 obj/app.o
 .debug_macro   0x0000000000008941       0xe8 obj/app.o
 .debug_macro   0x0000000000008a29       0x52 obj/app.o
 .debug_macro   0x0000000000008a7b       0x35 obj/app.o
 .debug_macro   0x0000000000008ab0       0x9c obj/app.o
 .debug_macro   0x0000000000008b4c       0x16 obj/app.o
 .debug_macro   0x0000000000008b62      0x10e obj/app.o
 .debug_macro   0x0000000000008c70       0x86 obj/app.o
 .debug_macro   0x0000000000008cf6       0x52 obj/app.o
 .debug_macro   0x0000000000008d48       0x1f obj/app.o
 .debug_macro   0x0000000000008d67       0x43 obj/app.o
 .debug_macro   0x0000000000008daa       0x20 obj/app.o
 .debug_macro   0x0000000000008dca      0x187 obj/app.o
 .debug_macro   0x0000000000008f51      0x330 obj/app.o
 .debug_macro   0x0000000000009281       0x16 obj/app.o
 .debug_macro   0x0000000000009297       0x29 obj/app.o
 .debug_macro   0x00000000000092c0       0x16 obj/app.o
 .debug_macro   0x00000000000092d6      0x1b1 obj/app.o
 .debug_macro   0x0000000000009487       0x3a obj/app.o
 .debug_macro   0x00000000000094c1     0x3383 obj/app.o
 .debug_macro   0x000000000000c844       0x1c obj/app.o
 .debug_macro   0x000000000000c860       0x35 obj/app.o
 .debug_macro   0x000000000000c895       0x10 obj/app.o
 .debug_macro   0x000000000000c8a5       0x10 obj/app.o
 .debug_macro   0x000000000000c8b5       0x1c obj/app.o
 .debug_macro   0x000000000000c8d1       0x52 obj/app.o
 .debug_macro   0x000000000000c923       0x40 obj/app.o
 .debug_macro   0x000000000000c963       0x10 obj/app.o
 .debug_macro   0x000000000000c973       0x40 obj/app.o
 .debug_macro   0x000000000000c9b3       0xd7 obj/app.o
 .debug_macro   0x000000000000ca8a       0x16 obj/app.o
 .debug_macro   0x000000000000caa0      0x189 obj/app.o
 .debug_macro   0x000000000000cc29       0x57 obj/app.o
 .debug_macro   0x000000000000cc80      0x778 obj/app.o
 .debug_macro   0x000000000000d3f8      0x28b obj/app.o
 .debug_macro   0x000000000000d683      0x141 obj/app.o
 .debug_macro   0x000000000000d7c4      0x197 obj/app.o
 .debug_macro   0x000000000000d95b      0x1ae obj/app.o
 .debug_macro   0x000000000000db09       0x2d obj/app.o
 .debug_macro   0x000000000000db36       0x3c obj/app.o
 .debug_macro   0x000000000000db72       0x57 obj/app.o
 .debug_macro   0x000000000000dbc9      0x46a obj/app.o
 .debug_macro   0x000000000000e033      0x1b5 obj/app.o
 .debug_macro   0x000000000000e1e8       0x8c obj/app.o
 .debug_macro   0x000000000000e274      0x242 obj/app.o
 .debug_macro   0x000000000000e4b6      0x225 obj/app.o
 .debug_macro   0x000000000000e6db       0x99 obj/app.o
 .debug_macro   0x000000000000e774      0x143 obj/app.o
 .debug_macro   0x000000000000e8b7      0x1f4 obj/app.o
 .debug_macro   0x000000000000eaab      0x83e obj/app.o
 .debug_macro   0x000000000000f2e9       0x11 obj/app.o
 .debug_macro   0x000000000000f2fa      0x256 obj/app.o
 .debug_macro   0x000000000000f550       0x7c obj/app.o
 .debug_macro   0x000000000000f5cc       0x22 obj/app.o
 .debug_macro   0x000000000000f5ee      0x32d obj/stm32f1xx_it.o
 .debug_macro   0x000000000000f91b       0x16 obj/stm32f1xx_it.o
 .debug_macro   0x000000000000f931       0x97 obj/stm32f1xx_it.o
 .debug_macro   0x000000000000f9c8       0xf6 obj/stm32f1xx_it.o
 .debug_macro   0x000000000000fabe       0x10 obj/stm32f1xx_it.o
 .debug_macro   0x000000000000face       0x16 obj/stm32f1xx_it.o
 .debug_macro   0x000000000000fae4      0x302 obj/msp.o
 .debug_macro   0x000000000000fde6      0x302 obj/assert.o
 .debug_macro   0x00000000000100e8      0x326 obj/stm32f1xx_hal_rcc.o
 .debug_macro   0x000000000001040e      0x303 obj/stm32f1xx_hal_tim.o
 .debug_macro   0x0000000000010711      0x302 obj/stm32f1xx_hal_rcc_ex.o
 .debug_macro   0x0000000000010a13      0x326 obj/stm32f1xx_hal.o
 .debug_macro   0x0000000000010d39      0x372 obj/stm32f1xx_hal_gpio.o
 .debug_macro   0x00000000000110ab      0x302 obj/stm32f1xx_hal_cortex.o
 .debug_macro   0x00000000000113ad      0x302 obj/stm32f1xx_hal_tim_ex.o
 .debug_macro   0x00000000000116af      0x308 obj/stm32f1xx_hal_dma.o
 .debug_macro   0x00000000000119b7      0x303 obj/stm32f1xx_hal_uart.o
 .debug_macro   0x0000000000011cba      0x318 obj/stm32f1xx_hal_i2c.o
 .debug_macro   0x0000000000011fd2      0x346 obj/MW_I2C.o
 .debug_macro   0x0000000000012318      0x311 obj/MW_TIM.o
 .debug_macro   0x0000000000012629       0x16 obj/MW_TIM.o
 .debug_macro   0x000000000001263f      0x346 obj/MW_USART.o
 .debug_macro   0x0000000000012985      0x311 obj/MW_GPIO.o
 .debug_macro   0x0000000000012c96      0x338 obj/message.o
 .debug_macro   0x0000000000012fce       0x22 obj/message.o
 .debug_macro   0x0000000000012ff0       0x58 obj/message.o
 .debug_macro   0x0000000000013048       0x22 obj/message.o
 .debug_macro   0x000000000001306a       0x22 obj/message.o
 .debug_macro   0x000000000001308c      0x320 obj/xprintf.o
 .debug_macro   0x00000000000133ac      0x36a obj/DD_RC.o
 .debug_macro   0x0000000000013716       0x89 obj/DD_AB.o
 .debug_macro   0x000000000001379f       0x89 obj/DD_MD.o
 .debug_macro   0x0000000000013828      0x374 obj/DD_Gene.o
 .debug_macro   0x0000000000013b9c       0x4c obj/DD_Gene.o
 .debug_macro   0x0000000000013be8       0x8d obj/DD_Gene.o
 .debug_macro   0x0000000000013c75       0x4a obj/DD_Gene.o
 .debug_macro   0x0000000000013cbf      0x38c obj/SystemTaskManager.o
 .debug_macro   0x000000000001404b       0x10 obj/SystemTaskManager.o
 .debug_macro   0x000000000001405b       0x28 obj/SystemTaskManager.o
 .debug_macro   0x0000000000014083       0x40 obj/SystemTaskManager.o

.debug_line     0x0000000000000000    0x10ebb
 .debug_line    0x0000000000000000      0x295 obj/system_stm32f1xx.o
 .debug_line    0x0000000000000295      0x34f obj/deviceDefinition.o
 .debug_line    0x00000000000005e4      0x9ba obj/app.o
 .debug_line    0x0000000000000f9e      0x877 obj/stm32f1xx_it.o
 .debug_line    0x0000000000001815      0x85a obj/msp.o
 .debug_line    0x000000000000206f      0x66b obj/assert.o
 .debug_line    0x00000000000026da      0xccc obj/stm32f1xx_hal_rcc.o
 .debug_line    0x00000000000033a6     0x261b obj/stm32f1xx_hal_tim.o
 .debug_line    0x00000000000059c1      0x7e4 obj/stm32f1xx_hal_rcc_ex.o
 .debug_line    0x00000000000061a5      0x7e2 obj/stm32f1xx_hal.o
 .debug_line    0x0000000000006987      0x92c obj/stm32f1xx_hal_gpio.o
 .debug_line    0x00000000000072b3      0x86e obj/stm32f1xx_hal_cortex.o
 .debug_line    0x0000000000007b21      0xff5 obj/stm32f1xx_hal_tim_ex.o
 .debug_line    0x0000000000008b16      0xb1e obj/stm32f1xx_hal_dma.o
 .debug_line    0x0000000000009634      0xe98 obj/stm32f1xx_hal_uart.o
 .debug_line    0x000000000000a4cc     0x1783 obj/stm32f1xx_hal_i2c.o
 .debug_line    0x000000000000bc4f      0x770 obj/MW_I2C.o
 .debug_line    0x000000000000c3bf      0x7de obj/MW_TIM.o
 .debug_line    0x000000000000cb9d      0x7b2 obj/MW_USART.o
 .debug_line    0x000000000000d34f      0x740 obj/MW_GPIO.o
 .debug_line    0x000000000000da8f      0x7cd obj/message.o
 .debug_line    0x000000000000e25c      0x97c obj/xprintf.o
 .debug_line    0x000000000000ebd8      0x953 obj/DD_RC.o
 .debug_line    0x000000000000f52b      0x2cd obj/DD_AB.o
 .debug_line    0x000000000000f7f8      0x2e1 obj/DD_MD.o
 .debug_line    0x000000000000fad9      0x8df obj/DD_Gene.o
 .debug_line    0x00000000000103b8      0xb03 obj/SystemTaskManager.o

.debug_str      0x0000000000000000    0x6a3e4
 .debug_str     0x0000000000000000    0x2d821 obj/system_stm32f1xx.o
                                      0x2da63 (size before relaxing)
 .debug_str     0x000000000002d821      0x212 obj/deviceDefinition.o
                                       0x370f (size before relaxing)
 .debug_str     0x000000000002da33    0x3861f obj/app.o
                                      0x662cf (size before relaxing)
 .debug_str     0x0000000000066052      0x4ea obj/stm32f1xx_it.o
                                      0x65f4d (size before relaxing)
 .debug_str     0x000000000006653c      0x9b4 obj/msp.o
                                      0x66832 (size before relaxing)
 .debug_str     0x0000000000066ef0       0x1f obj/assert.o
                                      0x6599f (size before relaxing)
 .debug_str     0x0000000000066f0f      0x44e obj/stm32f1xx_hal_rcc.o
                                      0x65ebf (size before relaxing)
 .debug_str     0x000000000006735d      0xcd7 obj/stm32f1xx_hal_tim.o
                                      0x66b13 (size before relaxing)
 .debug_str     0x0000000000068034      0x128 obj/stm32f1xx_hal_rcc_ex.o
                                      0x65bbe (size before relaxing)
 .debug_str     0x000000000006815c      0x253 obj/stm32f1xx_hal.o
                                      0x660a1 (size before relaxing)
 .debug_str     0x00000000000683af      0x3d6 obj/stm32f1xx_hal_gpio.o
                                      0x65e92 (size before relaxing)
 .debug_str     0x0000000000068785      0x226 obj/stm32f1xx_hal_cortex.o
                                      0x6609b (size before relaxing)
 .debug_str     0x00000000000689ab      0x4a9 obj/stm32f1xx_hal_tim_ex.o
                                      0x663ad (size before relaxing)
 .debug_str     0x0000000000068e54      0x12d obj/stm32f1xx_hal_dma.o
                                      0x65d1b (size before relaxing)
 .debug_str     0x0000000000068f81      0x35b obj/stm32f1xx_hal_uart.o
                                      0x6616e (size before relaxing)
 .debug_str     0x00000000000692dc      0x6c1 obj/stm32f1xx_hal_i2c.o
                                      0x664d2 (size before relaxing)
 .debug_str     0x000000000006999d      0x101 obj/MW_I2C.o
                                      0x65f8c (size before relaxing)
 .debug_str     0x0000000000069a9e      0x29c obj/MW_TIM.o
                                      0x6610a (size before relaxing)
 .debug_str     0x0000000000069d3a       0xfc obj/MW_USART.o
                                      0x65fd6 (size before relaxing)
 .debug_str     0x0000000000069e36       0x9b obj/MW_GPIO.o
                                      0x65c52 (size before relaxing)
 .debug_str     0x0000000000069ed1      0x2a1 obj/message.o
                                      0x660eb (size before relaxing)
 .debug_str     0x000000000006a172       0x77 obj/xprintf.o
                                      0x6602a (size before relaxing)
 .debug_str     0x000000000006a1e9       0xad obj/DD_RC.o
                                      0x66493 (size before relaxing)
 .debug_str     0x000000000006a296       0x52 obj/DD_AB.o
                                       0x35f0 (size before relaxing)
 .debug_str     0x000000000006a2e8       0x3b obj/DD_MD.o
                                       0x3664 (size before relaxing)
 .debug_str     0x000000000006a323       0x39 obj/DD_Gene.o
                                      0x65ccc (size before relaxing)
 .debug_str     0x000000000006a35c       0x88 obj/SystemTaskManager.o
                                      0x668f9 (size before relaxing)

.comment        0x0000000000000000       0x26
 .comment       0x0000000000000000       0x26 obj/system_stm32f1xx.o
                                         0x27 (size before relaxing)
 .comment       0x0000000000000026       0x27 obj/deviceDefinition.o
 .comment       0x0000000000000026       0x27 obj/app.o
 .comment       0x0000000000000026       0x27 obj/stm32f1xx_it.o
 .comment       0x0000000000000026       0x27 obj/msp.o
 .comment       0x0000000000000026       0x27 obj/assert.o
 .comment       0x0000000000000026       0x27 obj/stm32f1xx_hal_rcc.o
 .comment       0x0000000000000026       0x27 obj/stm32f1xx_hal_tim.o
 .comment       0x0000000000000026       0x27 obj/stm32f1xx_hal_rcc_ex.o
 .comment       0x0000000000000026       0x27 obj/stm32f1xx_hal.o
 .comment       0x0000000000000026       0x27 obj/stm32f1xx_hal_gpio.o
 .comment       0x0000000000000026       0x27 obj/stm32f1xx_hal_cortex.o
 .comment       0x0000000000000026       0x27 obj/stm32f1xx_hal_tim_ex.o
 .comment       0x0000000000000026       0x27 obj/stm32f1xx_hal_dma.o
 .comment       0x0000000000000026       0x27 obj/stm32f1xx_hal_uart.o
 .comment       0x0000000000000026       0x27 obj/stm32f1xx_hal_i2c.o
 .comment       0x0000000000000026       0x27 obj/MW_I2C.o
 .comment       0x0000000000000026       0x27 obj/MW_TIM.o
 .comment       0x0000000000000026       0x27 obj/MW_USART.o
 .comment       0x0000000000000026       0x27 obj/MW_GPIO.o
 .comment       0x0000000000000026       0x27 obj/message.o
 .comment       0x0000000000000026       0x27 obj/xprintf.o
 .comment       0x0000000000000026       0x27 obj/DD_RC.o
 .comment       0x0000000000000026       0x27 obj/DD_AB.o
 .comment       0x0000000000000026       0x27 obj/DD_MD.o
 .comment       0x0000000000000026       0x27 obj/DD_Gene.o
 .comment       0x0000000000000026       0x27 obj/SystemTaskManager.o

.debug_frame    0x0000000000000000     0x2c28
 .debug_frame   0x0000000000000000       0x30 obj/system_stm32f1xx.o
 .debug_frame   0x0000000000000030       0x6c obj/app.o
 .debug_frame   0x000000000000009c      0x108 obj/stm32f1xx_it.o
 .debug_frame   0x00000000000001a4      0x190 obj/msp.o
 .debug_frame   0x0000000000000334       0x20 obj/assert.o
 .debug_frame   0x0000000000000354      0x170 obj/stm32f1xx_hal_rcc.o
 .debug_frame   0x00000000000004c4      0xa90 obj/stm32f1xx_hal_tim.o
 .debug_frame   0x0000000000000f54       0x70 obj/stm32f1xx_hal_rcc_ex.o
 .debug_frame   0x0000000000000fc4      0x168 obj/stm32f1xx_hal.o
 .debug_frame   0x000000000000112c       0xfc obj/stm32f1xx_hal_gpio.o
 .debug_frame   0x0000000000001228      0x144 obj/stm32f1xx_hal_cortex.o
 .debug_frame   0x000000000000136c      0x3c0 obj/stm32f1xx_hal_tim_ex.o
 .debug_frame   0x000000000000172c      0x124 obj/stm32f1xx_hal_dma.o
 .debug_frame   0x0000000000001850      0x3a8 obj/stm32f1xx_hal_uart.o
 .debug_frame   0x0000000000001bf8      0x738 obj/stm32f1xx_hal_i2c.o
 .debug_frame   0x0000000000002330       0xc4 obj/MW_I2C.o
 .debug_frame   0x00000000000023f4      0x164 obj/MW_TIM.o
 .debug_frame   0x0000000000002558      0x104 obj/MW_USART.o
 .debug_frame   0x000000000000265c       0xbc obj/MW_GPIO.o
 .debug_frame   0x0000000000002718       0xd0 obj/message.o
 .debug_frame   0x00000000000027e8      0x1a0 obj/xprintf.o
 .debug_frame   0x0000000000002988       0xb4 obj/DD_RC.o
 .debug_frame   0x0000000000002a3c       0x44 obj/DD_AB.o
 .debug_frame   0x0000000000002a80       0x48 obj/DD_MD.o
 .debug_frame   0x0000000000002ac8       0x58 obj/DD_Gene.o
 .debug_frame   0x0000000000002b20       0xdc obj/SystemTaskManager.o
 .debug_frame   0x0000000000002bfc       0x2c /usr/lib/gcc/arm-none-eabi/6.1.1/../../../../arm-none-eabi/lib/armv7-m/libc_nano.a(lib_a-init.o)

Cross Reference Table

Symbol                                            File
ADC1_2_IRQHandler                                 obj/startup.o
ADC_ConversionStop_Disable                        obj/stm32f1xx_hal_adc.o
                                                  obj/stm32f1xx_hal_adc_ex.o
ADC_DMAConvCplt                                   obj/stm32f1xx_hal_adc.o
                                                  obj/stm32f1xx_hal_adc_ex.o
ADC_DMAError                                      obj/stm32f1xx_hal_adc.o
                                                  obj/stm32f1xx_hal_adc_ex.o
ADC_DMAHalfConvCplt                               obj/stm32f1xx_hal_adc.o
                                                  obj/stm32f1xx_hal_adc_ex.o
ADC_Enable                                        obj/stm32f1xx_hal_adc.o
                                                  obj/stm32f1xx_hal_adc_ex.o
AHBPrescTable                                     obj/system_stm32f1xx.o
                                                  obj/stm32f1xx_hal_rcc.o
APBPrescTable                                     obj/system_stm32f1xx.o
                                                  obj/stm32f1xx_hal_rcc.o
BusFault_Handler                                  obj/stm32f1xx_it.o
CAN1_RX1_IRQHandler                               obj/startup.o
CAN1_SCE_IRQHandler                               obj/startup.o
DD_ABHandPrint                                    obj/DD_AB.o
                                                  obj/DD_Gene.o
DD_I2CSend                                        obj/DD_Gene.o
                                                  obj/DD_MD.o
                                                  obj/DD_AB.o
DD_MDHandPrint                                    obj/DD_MD.o
                                                  obj/DD_Gene.o
DD_RCGetLX                                        obj/DD_RC.o
DD_RCGetLY                                        obj/DD_RC.o
                                                  obj/app.o
DD_RCGetRX                                        obj/DD_RC.o
DD_RCGetRY                                        obj/DD_RC.o
                                                  obj/app.o
DD_RCInit                                         obj/DD_RC.o
                                                  obj/SystemTaskManager.o
DD_RCPrint                                        obj/DD_RC.o
                                                  obj/SystemTaskManager.o
DD_RCTask                                         obj/DD_RC.o
                                                  obj/SystemTaskManager.o
DD_doTasks                                        obj/DD_Gene.o
DD_print                                          obj/DD_Gene.o
                                                  obj/SystemTaskManager.o
DD_send2AB                                        obj/DD_AB.o
                                                  obj/DD_Gene.o
DD_send2MD                                        obj/DD_MD.o
                                                  obj/DD_Gene.o
DMA1_Channel1_IRQHandler                          obj/startup.o
DMA1_Channel2_IRQHandler                          obj/startup.o
DMA1_Channel3_IRQHandler                          obj/stm32f1xx_it.o
DMA1_Channel4_IRQHandler                          obj/startup.o
DMA1_Channel5_IRQHandler                          obj/startup.o
DMA1_Channel6_IRQHandler                          obj/startup.o
DMA1_Channel7_IRQHandler                          obj/stm32f1xx_it.o
DebugMon_Handler                                  obj/stm32f1xx_it.o
Default_Handler                                   obj/startup.o
EXTI0_IRQHandler                                  obj/startup.o
EXTI15_10_IRQHandler                              obj/startup.o
EXTI1_IRQHandler                                  obj/startup.o
EXTI2_IRQHandler                                  obj/startup.o
EXTI3_IRQHandler                                  obj/startup.o
EXTI4_IRQHandler                                  obj/startup.o
EXTI9_5_IRQHandler                                obj/startup.o
Error_Handler                                     obj/msp.o
                                                  obj/MW_TIM.o
FLASH_IRQHandler                                  obj/startup.o
FLASH_PageErase                                   obj/stm32f1xx_hal_flash_ex.o
                                                  obj/stm32f1xx_hal_flash.o
FLASH_WaitForLastOperation                        obj/stm32f1xx_hal_flash.o
                                                  obj/stm32f1xx_hal_flash_ex.o
HAL_ADCEx_Calibration_Start                       obj/stm32f1xx_hal_adc_ex.o
HAL_ADCEx_InjectedConfigChannel                   obj/stm32f1xx_hal_adc_ex.o
HAL_ADCEx_InjectedConvCpltCallback                obj/stm32f1xx_hal_adc_ex.o
                                                  obj/stm32f1xx_hal_adc.o
HAL_ADCEx_InjectedGetValue                        obj/stm32f1xx_hal_adc_ex.o
HAL_ADCEx_InjectedPollForConversion               obj/stm32f1xx_hal_adc_ex.o
HAL_ADCEx_InjectedStart                           obj/stm32f1xx_hal_adc_ex.o
HAL_ADCEx_InjectedStart_IT                        obj/stm32f1xx_hal_adc_ex.o
HAL_ADCEx_InjectedStop                            obj/stm32f1xx_hal_adc_ex.o
HAL_ADCEx_InjectedStop_IT                         obj/stm32f1xx_hal_adc_ex.o
HAL_ADCEx_MultiModeConfigChannel                  obj/stm32f1xx_hal_adc_ex.o
HAL_ADCEx_MultiModeGetValue                       obj/stm32f1xx_hal_adc_ex.o
HAL_ADCEx_MultiModeStart_DMA                      obj/stm32f1xx_hal_adc_ex.o
HAL_ADCEx_MultiModeStop_DMA                       obj/stm32f1xx_hal_adc_ex.o
HAL_ADC_AnalogWDGConfig                           obj/stm32f1xx_hal_adc.o
HAL_ADC_ConfigChannel                             obj/stm32f1xx_hal_adc.o
HAL_ADC_ConvCpltCallback                          obj/stm32f1xx_hal_adc.o
HAL_ADC_ConvHalfCpltCallback                      obj/stm32f1xx_hal_adc.o
HAL_ADC_DeInit                                    obj/stm32f1xx_hal_adc.o
HAL_ADC_ErrorCallback                             obj/stm32f1xx_hal_adc.o
HAL_ADC_GetError                                  obj/stm32f1xx_hal_adc.o
HAL_ADC_GetState                                  obj/stm32f1xx_hal_adc.o
HAL_ADC_GetValue                                  obj/stm32f1xx_hal_adc.o
HAL_ADC_IRQHandler                                obj/stm32f1xx_hal_adc.o
HAL_ADC_Init                                      obj/stm32f1xx_hal_adc.o
HAL_ADC_LevelOutOfWindowCallback                  obj/stm32f1xx_hal_adc.o
HAL_ADC_MspDeInit                                 obj/msp.o
HAL_ADC_MspInit                                   obj/msp.o
HAL_ADC_PollForConversion                         obj/stm32f1xx_hal_adc.o
HAL_ADC_PollForEvent                              obj/stm32f1xx_hal_adc.o
HAL_ADC_Start                                     obj/stm32f1xx_hal_adc.o
HAL_ADC_Start_DMA                                 obj/stm32f1xx_hal_adc.o
HAL_ADC_Start_IT                                  obj/stm32f1xx_hal_adc.o
HAL_ADC_Stop                                      obj/stm32f1xx_hal_adc.o
HAL_ADC_Stop_DMA                                  obj/stm32f1xx_hal_adc.o
HAL_ADC_Stop_IT                                   obj/stm32f1xx_hal_adc.o
HAL_DBGMCU_DisableDBGSleepMode                    obj/stm32f1xx_hal.o
HAL_DBGMCU_DisableDBGStandbyMode                  obj/stm32f1xx_hal.o
HAL_DBGMCU_DisableDBGStopMode                     obj/stm32f1xx_hal.o
HAL_DBGMCU_EnableDBGSleepMode                     obj/stm32f1xx_hal.o
HAL_DBGMCU_EnableDBGStandbyMode                   obj/stm32f1xx_hal.o
HAL_DBGMCU_EnableDBGStopMode                      obj/stm32f1xx_hal.o
HAL_DMA_Abort                                     obj/stm32f1xx_hal_dma.o
                                                  obj/stm32f1xx_hal_uart.o
                                                  obj/stm32f1xx_hal_adc_ex.o
                                                  obj/stm32f1xx_hal_spi.o
                                                  obj/stm32f1xx_hal_adc.o
                                                  obj/stm32f1xx_hal_tim.o
HAL_DMA_DeInit                                    obj/stm32f1xx_hal_dma.o
HAL_DMA_GetError                                  obj/stm32f1xx_hal_dma.o
HAL_DMA_GetState                                  obj/stm32f1xx_hal_dma.o
HAL_DMA_IRQHandler                                obj/stm32f1xx_hal_dma.o
                                                  obj/stm32f1xx_it.o
HAL_DMA_Init                                      obj/stm32f1xx_hal_dma.o
                                                  obj/msp.o
HAL_DMA_PollForTransfer                           obj/stm32f1xx_hal_dma.o
HAL_DMA_Start                                     obj/stm32f1xx_hal_dma.o
HAL_DMA_Start_IT                                  obj/stm32f1xx_hal_dma.o
                                                  obj/stm32f1xx_hal_i2c.o
                                                  obj/stm32f1xx_hal_uart.o
                                                  obj/stm32f1xx_hal_adc_ex.o
                                                  obj/stm32f1xx_hal_tim_ex.o
                                                  obj/stm32f1xx_hal_spi.o
                                                  obj/stm32f1xx_hal_adc.o
                                                  obj/stm32f1xx_hal_tim.o
HAL_DeInit                                        obj/stm32f1xx_hal.o
HAL_Delay                                         obj/stm32f1xx_hal.o
                                                  obj/stm32f1xx_hal_rcc.o
HAL_FLASHEx_Erase                                 obj/stm32f1xx_hal_flash_ex.o
HAL_FLASHEx_Erase_IT                              obj/stm32f1xx_hal_flash_ex.o
HAL_FLASHEx_OBErase                               obj/stm32f1xx_hal_flash_ex.o
HAL_FLASHEx_OBGetConfig                           obj/stm32f1xx_hal_flash_ex.o
HAL_FLASHEx_OBGetUserData                         obj/stm32f1xx_hal_flash_ex.o
HAL_FLASHEx_OBProgram                             obj/stm32f1xx_hal_flash_ex.o
HAL_FLASH_EndOfOperationCallback                  obj/stm32f1xx_hal_flash.o
HAL_FLASH_GetError                                obj/stm32f1xx_hal_flash.o
HAL_FLASH_IRQHandler                              obj/stm32f1xx_hal_flash.o
HAL_FLASH_Lock                                    obj/stm32f1xx_hal_flash.o
HAL_FLASH_OB_Launch                               obj/stm32f1xx_hal_flash.o
HAL_FLASH_OB_Lock                                 obj/stm32f1xx_hal_flash.o
HAL_FLASH_OB_Unlock                               obj/stm32f1xx_hal_flash.o
HAL_FLASH_OperationErrorCallback                  obj/stm32f1xx_hal_flash.o
HAL_FLASH_Program                                 obj/stm32f1xx_hal_flash.o
HAL_FLASH_Program_IT                              obj/stm32f1xx_hal_flash.o
HAL_FLASH_Unlock                                  obj/stm32f1xx_hal_flash.o
HAL_GPIOEx_ConfigEventout                         obj/stm32f1xx_hal_gpio_ex.o
HAL_GPIOEx_DisableEventout                        obj/stm32f1xx_hal_gpio_ex.o
HAL_GPIOEx_EnableEventout                         obj/stm32f1xx_hal_gpio_ex.o
HAL_GPIO_DeInit                                   obj/stm32f1xx_hal_gpio.o
                                                  obj/msp.o
HAL_GPIO_EXTI_Callback                            obj/stm32f1xx_hal_gpio.o
HAL_GPIO_EXTI_IRQHandler                          obj/stm32f1xx_hal_gpio.o
HAL_GPIO_Init                                     obj/stm32f1xx_hal_gpio.o
                                                  obj/MW_GPIO.o
                                                  obj/stm32f1xx_hal_rcc.o
                                                  obj/msp.o
HAL_GPIO_LockPin                                  obj/stm32f1xx_hal_gpio.o
HAL_GPIO_ReadPin                                  obj/stm32f1xx_hal_gpio.o
                                                  obj/MW_GPIO.o
HAL_GPIO_TogglePin                                obj/stm32f1xx_hal_gpio.o
                                                  obj/MW_GPIO.o
HAL_GPIO_WritePin                                 obj/stm32f1xx_hal_gpio.o
                                                  obj/MW_GPIO.o
HAL_GetDEVID                                      obj/stm32f1xx_hal.o
HAL_GetHalVersion                                 obj/stm32f1xx_hal.o
HAL_GetREVID                                      obj/stm32f1xx_hal.o
HAL_GetTick                                       obj/stm32f1xx_hal.o
                                                  obj/stm32f1xx_hal_i2c.o
                                                  obj/stm32f1xx_hal_uart.o
                                                  obj/stm32f1xx_hal_dma.o
                                                  obj/stm32f1xx_hal_adc_ex.o
                                                  obj/stm32f1xx_hal_spi.o
                                                  obj/stm32f1xx_hal_adc.o
                                                  obj/stm32f1xx_hal_iwdg.o
                                                  obj/stm32f1xx_hal_flash.o
                                                  obj/stm32f1xx_hal_rcc_ex.o
                                                  obj/stm32f1xx_hal_rcc.o
HAL_HalfDuplex_EnableReceiver                     obj/stm32f1xx_hal_uart.o
HAL_HalfDuplex_EnableTransmitter                  obj/stm32f1xx_hal_uart.o
HAL_HalfDuplex_Init                               obj/stm32f1xx_hal_uart.o
HAL_I2C_DeInit                                    obj/stm32f1xx_hal_i2c.o
HAL_I2C_ER_IRQHandler                             obj/stm32f1xx_hal_i2c.o
HAL_I2C_EV_IRQHandler                             obj/stm32f1xx_hal_i2c.o
HAL_I2C_ErrorCallback                             obj/stm32f1xx_hal_i2c.o
HAL_I2C_GetError                                  obj/stm32f1xx_hal_i2c.o
HAL_I2C_GetState                                  obj/stm32f1xx_hal_i2c.o
HAL_I2C_Init                                      obj/stm32f1xx_hal_i2c.o
                                                  obj/MW_I2C.o
HAL_I2C_IsDeviceReady                             obj/stm32f1xx_hal_i2c.o
HAL_I2C_MasterRxCpltCallback                      obj/stm32f1xx_hal_i2c.o
HAL_I2C_MasterTxCpltCallback                      obj/stm32f1xx_hal_i2c.o
HAL_I2C_Master_Receive                            obj/stm32f1xx_hal_i2c.o
                                                  obj/MW_I2C.o
HAL_I2C_Master_Receive_DMA                        obj/stm32f1xx_hal_i2c.o
HAL_I2C_Master_Receive_IT                         obj/stm32f1xx_hal_i2c.o
HAL_I2C_Master_Transmit                           obj/stm32f1xx_hal_i2c.o
                                                  obj/MW_I2C.o
HAL_I2C_Master_Transmit_DMA                       obj/stm32f1xx_hal_i2c.o
HAL_I2C_Master_Transmit_IT                        obj/stm32f1xx_hal_i2c.o
HAL_I2C_MemRxCpltCallback                         obj/stm32f1xx_hal_i2c.o
HAL_I2C_MemTxCpltCallback                         obj/stm32f1xx_hal_i2c.o
HAL_I2C_Mem_Read                                  obj/stm32f1xx_hal_i2c.o
HAL_I2C_Mem_Read_DMA                              obj/stm32f1xx_hal_i2c.o
HAL_I2C_Mem_Read_IT                               obj/stm32f1xx_hal_i2c.o
HAL_I2C_Mem_Write                                 obj/stm32f1xx_hal_i2c.o
HAL_I2C_Mem_Write_DMA                             obj/stm32f1xx_hal_i2c.o
HAL_I2C_Mem_Write_IT                              obj/stm32f1xx_hal_i2c.o
HAL_I2C_MspDeInit                                 obj/msp.o
HAL_I2C_MspInit                                   obj/msp.o
HAL_I2C_SlaveRxCpltCallback                       obj/stm32f1xx_hal_i2c.o
HAL_I2C_SlaveTxCpltCallback                       obj/stm32f1xx_hal_i2c.o
HAL_I2C_Slave_Receive                             obj/stm32f1xx_hal_i2c.o
HAL_I2C_Slave_Receive_DMA                         obj/stm32f1xx_hal_i2c.o
HAL_I2C_Slave_Receive_IT                          obj/stm32f1xx_hal_i2c.o
HAL_I2C_Slave_Transmit                            obj/stm32f1xx_hal_i2c.o
HAL_I2C_Slave_Transmit_DMA                        obj/stm32f1xx_hal_i2c.o
HAL_I2C_Slave_Transmit_IT                         obj/stm32f1xx_hal_i2c.o
HAL_IWDG_GetState                                 obj/stm32f1xx_hal_iwdg.o
HAL_IWDG_Init                                     obj/stm32f1xx_hal_iwdg.o
HAL_IWDG_MspInit                                  obj/stm32f1xx_hal_iwdg.o
HAL_IWDG_Refresh                                  obj/stm32f1xx_hal_iwdg.o
HAL_IWDG_Start                                    obj/stm32f1xx_hal_iwdg.o
HAL_IncTick                                       obj/stm32f1xx_hal.o
                                                  obj/stm32f1xx_it.o
HAL_Init                                          obj/stm32f1xx_hal.o
                                                  obj/SystemTaskManager.o
HAL_InitTick                                      obj/stm32f1xx_hal.o
                                                  obj/stm32f1xx_hal_rcc.o
HAL_LIN_Init                                      obj/stm32f1xx_hal_uart.o
HAL_LIN_SendBreak                                 obj/stm32f1xx_hal_uart.o
HAL_MspDeInit                                     obj/stm32f1xx_hal.o
HAL_MspInit                                       obj/msp.o
HAL_MultiProcessor_EnterMuteMode                  obj/stm32f1xx_hal_uart.o
HAL_MultiProcessor_ExitMuteMode                   obj/stm32f1xx_hal_uart.o
HAL_MultiProcessor_Init                           obj/stm32f1xx_hal_uart.o
HAL_NVIC_ClearPendingIRQ                          obj/stm32f1xx_hal_cortex.o
HAL_NVIC_DisableIRQ                               obj/stm32f1xx_hal_cortex.o
                                                  obj/msp.o
HAL_NVIC_EnableIRQ                                obj/stm32f1xx_hal_cortex.o
                                                  obj/msp.o
HAL_NVIC_GetActive                                obj/stm32f1xx_hal_cortex.o
HAL_NVIC_GetPendingIRQ                            obj/stm32f1xx_hal_cortex.o
HAL_NVIC_GetPriority                              obj/stm32f1xx_hal_cortex.o
HAL_NVIC_GetPriorityGrouping                      obj/stm32f1xx_hal_cortex.o
HAL_NVIC_SetPendingIRQ                            obj/stm32f1xx_hal_cortex.o
HAL_NVIC_SetPriority                              obj/stm32f1xx_hal_cortex.o
                                                  obj/SystemTaskManager.o
                                                  obj/stm32f1xx_hal.o
                                                  obj/msp.o
HAL_NVIC_SetPriorityGrouping                      obj/stm32f1xx_hal_cortex.o
                                                  obj/stm32f1xx_hal.o
                                                  obj/msp.o
HAL_NVIC_SystemReset                              obj/stm32f1xx_hal_cortex.o
                                                  obj/stm32f1xx_hal_flash.o
HAL_PWR_ConfigPVD                                 obj/stm32f1xx_hal_pwr.o
HAL_PWR_DeInit                                    obj/stm32f1xx_hal_pwr.o
HAL_PWR_DisableBkUpAccess                         obj/stm32f1xx_hal_pwr.o
HAL_PWR_DisablePVD                                obj/stm32f1xx_hal_pwr.o
HAL_PWR_DisableSEVOnPend                          obj/stm32f1xx_hal_pwr.o
HAL_PWR_DisableSleepOnExit                        obj/stm32f1xx_hal_pwr.o
HAL_PWR_DisableWakeUpPin                          obj/stm32f1xx_hal_pwr.o
HAL_PWR_EnableBkUpAccess                          obj/stm32f1xx_hal_pwr.o
HAL_PWR_EnablePVD                                 obj/stm32f1xx_hal_pwr.o
HAL_PWR_EnableSEVOnPend                           obj/stm32f1xx_hal_pwr.o
HAL_PWR_EnableSleepOnExit                         obj/stm32f1xx_hal_pwr.o
HAL_PWR_EnableWakeUpPin                           obj/stm32f1xx_hal_pwr.o
HAL_PWR_EnterSLEEPMode                            obj/stm32f1xx_hal_pwr.o
HAL_PWR_EnterSTANDBYMode                          obj/stm32f1xx_hal_pwr.o
HAL_PWR_EnterSTOPMode                             obj/stm32f1xx_hal_pwr.o
HAL_PWR_PVDCallback                               obj/stm32f1xx_hal_pwr.o
HAL_PWR_PVD_IRQHandler                            obj/stm32f1xx_hal_pwr.o
HAL_RCCEx_GetPeriphCLKConfig                      obj/stm32f1xx_hal_rcc_ex.o
HAL_RCCEx_GetPeriphCLKFreq                        obj/stm32f1xx_hal_rcc_ex.o
                                                  obj/stm32f1xx_hal_adc_ex.o
                                                  obj/stm32f1xx_hal_adc.o
HAL_RCCEx_PeriphCLKConfig                         obj/stm32f1xx_hal_rcc_ex.o
                                                  obj/SystemTaskManager.o
HAL_RCC_CSSCallback                               obj/stm32f1xx_hal_rcc.o
HAL_RCC_ClockConfig                               obj/stm32f1xx_hal_rcc.o
                                                  obj/SystemTaskManager.o
HAL_RCC_DeInit                                    obj/stm32f1xx_hal_rcc.o
HAL_RCC_DisableCSS                                obj/stm32f1xx_hal_rcc.o
HAL_RCC_EnableCSS                                 obj/stm32f1xx_hal_rcc.o
HAL_RCC_GetClockConfig                            obj/stm32f1xx_hal_rcc.o
HAL_RCC_GetHCLKFreq                               obj/stm32f1xx_hal_rcc.o
                                                  obj/SystemTaskManager.o
                                                  obj/stm32f1xx_hal.o
HAL_RCC_GetOscConfig                              obj/stm32f1xx_hal_rcc.o
HAL_RCC_GetPCLK1Freq                              obj/stm32f1xx_hal_rcc.o
                                                  obj/stm32f1xx_hal_i2c.o
                                                  obj/stm32f1xx_hal_uart.o
HAL_RCC_GetPCLK2Freq                              obj/stm32f1xx_hal_rcc.o
                                                  obj/stm32f1xx_hal_uart.o
                                                  obj/stm32f1xx_hal_rcc_ex.o
HAL_RCC_GetSysClockFreq                           obj/stm32f1xx_hal_rcc.o
HAL_RCC_MCOConfig                                 obj/stm32f1xx_hal_rcc.o
HAL_RCC_NMI_IRQHandler                            obj/stm32f1xx_hal_rcc.o
HAL_RCC_OscConfig                                 obj/stm32f1xx_hal_rcc.o
                                                  obj/SystemTaskManager.o
HAL_ResumeTick                                    obj/stm32f1xx_hal.o
HAL_SPI_DMAPause                                  obj/stm32f1xx_hal_spi.o
HAL_SPI_DMAResume                                 obj/stm32f1xx_hal_spi.o
HAL_SPI_DMAStop                                   obj/stm32f1xx_hal_spi.o
HAL_SPI_DeInit                                    obj/stm32f1xx_hal_spi.o
HAL_SPI_ErrorCallback                             obj/stm32f1xx_hal_spi.o
HAL_SPI_GetError                                  obj/stm32f1xx_hal_spi.o
HAL_SPI_GetState                                  obj/stm32f1xx_hal_spi.o
HAL_SPI_IRQHandler                                obj/stm32f1xx_hal_spi.o
HAL_SPI_Init                                      obj/stm32f1xx_hal_spi_ex.o
                                                  obj/stm32f1xx_hal_spi.o
HAL_SPI_MspDeInit                                 obj/msp.o
HAL_SPI_MspInit                                   obj/msp.o
                                                  obj/stm32f1xx_hal_spi_ex.o
HAL_SPI_Receive                                   obj/stm32f1xx_hal_spi.o
HAL_SPI_Receive_DMA                               obj/stm32f1xx_hal_spi.o
HAL_SPI_Receive_IT                                obj/stm32f1xx_hal_spi.o
HAL_SPI_RxCpltCallback                            obj/stm32f1xx_hal_spi.o
HAL_SPI_RxHalfCpltCallback                        obj/stm32f1xx_hal_spi.o
HAL_SPI_Transmit                                  obj/stm32f1xx_hal_spi.o
HAL_SPI_TransmitReceive                           obj/stm32f1xx_hal_spi.o
HAL_SPI_TransmitReceive_DMA                       obj/stm32f1xx_hal_spi.o
HAL_SPI_TransmitReceive_IT                        obj/stm32f1xx_hal_spi.o
HAL_SPI_Transmit_DMA                              obj/stm32f1xx_hal_spi.o
HAL_SPI_Transmit_IT                               obj/stm32f1xx_hal_spi.o
HAL_SPI_TxCpltCallback                            obj/stm32f1xx_hal_spi.o
HAL_SPI_TxHalfCpltCallback                        obj/stm32f1xx_hal_spi.o
HAL_SPI_TxRxCpltCallback                          obj/stm32f1xx_hal_spi.o
HAL_SPI_TxRxHalfCpltCallback                      obj/stm32f1xx_hal_spi.o
HAL_SYSTICK_CLKSourceConfig                       obj/stm32f1xx_hal_cortex.o
                                                  obj/SystemTaskManager.o
HAL_SYSTICK_Callback                              obj/stm32f1xx_hal_cortex.o
HAL_SYSTICK_Config                                obj/stm32f1xx_hal_cortex.o
                                                  obj/SystemTaskManager.o
                                                  obj/stm32f1xx_hal.o
HAL_SYSTICK_IRQHandler                            obj/stm32f1xx_hal_cortex.o
                                                  obj/stm32f1xx_it.o
HAL_SuspendTick                                   obj/stm32f1xx_hal.o
HAL_TIMEx_BreakCallback                           obj/stm32f1xx_hal_tim_ex.o
                                                  obj/stm32f1xx_hal_tim.o
HAL_TIMEx_CommutationCallback                     obj/stm32f1xx_hal_tim_ex.o
                                                  obj/stm32f1xx_hal_tim.o
HAL_TIMEx_ConfigBreakDeadTime                     obj/stm32f1xx_hal_tim_ex.o
HAL_TIMEx_ConfigCommutationEvent                  obj/stm32f1xx_hal_tim_ex.o
HAL_TIMEx_ConfigCommutationEvent_DMA              obj/stm32f1xx_hal_tim_ex.o
HAL_TIMEx_ConfigCommutationEvent_IT               obj/stm32f1xx_hal_tim_ex.o
HAL_TIMEx_HallSensor_DeInit                       obj/stm32f1xx_hal_tim_ex.o
HAL_TIMEx_HallSensor_GetState                     obj/stm32f1xx_hal_tim_ex.o
HAL_TIMEx_HallSensor_Init                         obj/stm32f1xx_hal_tim_ex.o
HAL_TIMEx_HallSensor_MspDeInit                    obj/stm32f1xx_hal_tim_ex.o
HAL_TIMEx_HallSensor_MspInit                      obj/stm32f1xx_hal_tim_ex.o
HAL_TIMEx_HallSensor_Start                        obj/stm32f1xx_hal_tim_ex.o
HAL_TIMEx_HallSensor_Start_DMA                    obj/stm32f1xx_hal_tim_ex.o
HAL_TIMEx_HallSensor_Start_IT                     obj/stm32f1xx_hal_tim_ex.o
HAL_TIMEx_HallSensor_Stop                         obj/stm32f1xx_hal_tim_ex.o
HAL_TIMEx_HallSensor_Stop_DMA                     obj/stm32f1xx_hal_tim_ex.o
HAL_TIMEx_HallSensor_Stop_IT                      obj/stm32f1xx_hal_tim_ex.o
HAL_TIMEx_MasterConfigSynchronization             obj/stm32f1xx_hal_tim_ex.o
                                                  obj/MW_TIM.o
HAL_TIMEx_OCN_Start                               obj/stm32f1xx_hal_tim_ex.o
HAL_TIMEx_OCN_Start_DMA                           obj/stm32f1xx_hal_tim_ex.o
HAL_TIMEx_OCN_Start_IT                            obj/stm32f1xx_hal_tim_ex.o
HAL_TIMEx_OCN_Stop                                obj/stm32f1xx_hal_tim_ex.o
HAL_TIMEx_OCN_Stop_DMA                            obj/stm32f1xx_hal_tim_ex.o
HAL_TIMEx_OCN_Stop_IT                             obj/stm32f1xx_hal_tim_ex.o
HAL_TIMEx_OnePulseN_Start                         obj/stm32f1xx_hal_tim_ex.o
HAL_TIMEx_OnePulseN_Start_IT                      obj/stm32f1xx_hal_tim_ex.o
HAL_TIMEx_OnePulseN_Stop                          obj/stm32f1xx_hal_tim_ex.o
HAL_TIMEx_OnePulseN_Stop_IT                       obj/stm32f1xx_hal_tim_ex.o
HAL_TIMEx_PWMN_Start                              obj/stm32f1xx_hal_tim_ex.o
HAL_TIMEx_PWMN_Start_DMA                          obj/stm32f1xx_hal_tim_ex.o
HAL_TIMEx_PWMN_Start_IT                           obj/stm32f1xx_hal_tim_ex.o
HAL_TIMEx_PWMN_Stop                               obj/stm32f1xx_hal_tim_ex.o
HAL_TIMEx_PWMN_Stop_DMA                           obj/stm32f1xx_hal_tim_ex.o
HAL_TIMEx_PWMN_Stop_IT                            obj/stm32f1xx_hal_tim_ex.o
HAL_TIM_Base_DeInit                               obj/stm32f1xx_hal_tim.o
HAL_TIM_Base_GetState                             obj/stm32f1xx_hal_tim.o
HAL_TIM_Base_Init                                 obj/stm32f1xx_hal_tim.o
                                                  obj/MW_TIM.o
HAL_TIM_Base_MspDeInit                            obj/msp.o
HAL_TIM_Base_MspInit                              obj/msp.o
HAL_TIM_Base_Start                                obj/stm32f1xx_hal_tim.o
HAL_TIM_Base_Start_DMA                            obj/stm32f1xx_hal_tim.o
HAL_TIM_Base_Start_IT                             obj/stm32f1xx_hal_tim.o
                                                  obj/MW_TIM.o
HAL_TIM_Base_Stop                                 obj/stm32f1xx_hal_tim.o
                                                  obj/MW_TIM.o
HAL_TIM_Base_Stop_DMA                             obj/stm32f1xx_hal_tim.o
HAL_TIM_Base_Stop_IT                              obj/stm32f1xx_hal_tim.o
HAL_TIM_ConfigClockSource                         obj/stm32f1xx_hal_tim.o
                                                  obj/MW_TIM.o
HAL_TIM_ConfigOCrefClear                          obj/stm32f1xx_hal_tim.o
HAL_TIM_ConfigTI1Input                            obj/stm32f1xx_hal_tim.o
HAL_TIM_DMABurst_ReadStart                        obj/stm32f1xx_hal_tim.o
HAL_TIM_DMABurst_ReadStop                         obj/stm32f1xx_hal_tim.o
HAL_TIM_DMABurst_WriteStart                       obj/stm32f1xx_hal_tim.o
HAL_TIM_DMABurst_WriteStop                        obj/stm32f1xx_hal_tim.o
HAL_TIM_Encoder_DeInit                            obj/stm32f1xx_hal_tim.o
HAL_TIM_Encoder_GetState                          obj/stm32f1xx_hal_tim.o
HAL_TIM_Encoder_Init                              obj/stm32f1xx_hal_tim.o
HAL_TIM_Encoder_MspDeInit                         obj/msp.o
HAL_TIM_Encoder_MspInit                           obj/msp.o
HAL_TIM_Encoder_Start                             obj/stm32f1xx_hal_tim.o
HAL_TIM_Encoder_Start_DMA                         obj/stm32f1xx_hal_tim.o
HAL_TIM_Encoder_Start_IT                          obj/stm32f1xx_hal_tim.o
HAL_TIM_Encoder_Stop                              obj/stm32f1xx_hal_tim.o
HAL_TIM_Encoder_Stop_DMA                          obj/stm32f1xx_hal_tim.o
HAL_TIM_Encoder_Stop_IT                           obj/stm32f1xx_hal_tim.o
HAL_TIM_ErrorCallback                             obj/stm32f1xx_hal_tim.o
HAL_TIM_GenerateEvent                             obj/stm32f1xx_hal_tim.o
HAL_TIM_IC_CaptureCallback                        obj/stm32f1xx_hal_tim.o
HAL_TIM_IC_ConfigChannel                          obj/stm32f1xx_hal_tim.o
HAL_TIM_IC_DeInit                                 obj/stm32f1xx_hal_tim.o
HAL_TIM_IC_GetState                               obj/stm32f1xx_hal_tim.o
HAL_TIM_IC_Init                                   obj/stm32f1xx_hal_tim.o
HAL_TIM_IC_MspDeInit                              obj/stm32f1xx_hal_tim.o
HAL_TIM_IC_MspInit                                obj/stm32f1xx_hal_tim.o
HAL_TIM_IC_Start                                  obj/stm32f1xx_hal_tim.o
HAL_TIM_IC_Start_DMA                              obj/stm32f1xx_hal_tim.o
HAL_TIM_IC_Start_IT                               obj/stm32f1xx_hal_tim.o
HAL_TIM_IC_Stop                                   obj/stm32f1xx_hal_tim.o
HAL_TIM_IC_Stop_DMA                               obj/stm32f1xx_hal_tim.o
HAL_TIM_IC_Stop_IT                                obj/stm32f1xx_hal_tim.o
HAL_TIM_IRQHandler                                obj/stm32f1xx_hal_tim.o
                                                  obj/MW_TIM.o
HAL_TIM_OC_ConfigChannel                          obj/stm32f1xx_hal_tim.o
HAL_TIM_OC_DeInit                                 obj/stm32f1xx_hal_tim.o
HAL_TIM_OC_DelayElapsedCallback                   obj/stm32f1xx_hal_tim.o
HAL_TIM_OC_GetState                               obj/stm32f1xx_hal_tim.o
HAL_TIM_OC_Init                                   obj/stm32f1xx_hal_tim.o
HAL_TIM_OC_MspDeInit                              obj/stm32f1xx_hal_tim.o
HAL_TIM_OC_MspInit                                obj/stm32f1xx_hal_tim.o
HAL_TIM_OC_Start                                  obj/stm32f1xx_hal_tim.o
HAL_TIM_OC_Start_DMA                              obj/stm32f1xx_hal_tim.o
HAL_TIM_OC_Start_IT                               obj/stm32f1xx_hal_tim.o
HAL_TIM_OC_Stop                                   obj/stm32f1xx_hal_tim.o
HAL_TIM_OC_Stop_DMA                               obj/stm32f1xx_hal_tim.o
HAL_TIM_OC_Stop_IT                                obj/stm32f1xx_hal_tim.o
HAL_TIM_OnePulse_ConfigChannel                    obj/stm32f1xx_hal_tim.o